ARM GAS  C:\Users\rdso323\AppData\Local\Temp\cckxmOWR.s 			page 1


   1              		.syntax unified
   2              		.cpu cortex-m3
   3              		.fpu softvfp
   4              		.eabi_attribute 20, 1
   5              		.eabi_attribute 21, 1
   6              		.eabi_attribute 23, 3
   7              		.eabi_attribute 24, 1
   8              		.eabi_attribute 25, 1
   9              		.eabi_attribute 26, 1
  10              		.eabi_attribute 30, 6
  11              		.eabi_attribute 34, 1
  12              		.eabi_attribute 18, 4
  13              		.thumb
  14              		.file	"isr_eoc.c"
  15              		.text
  16              	.Ltext0:
  17              		.cfi_sections	.debug_frame
  18              		.section	.text.isr_eoc_Start,"ax",%progbits
  19              		.align	2
  20              		.global	isr_eoc_Start
  21              		.thumb
  22              		.thumb_func
  23              		.type	isr_eoc_Start, %function
  24              	isr_eoc_Start:
  25              	.LFB63:
  26              		.file 1 ".\\Generated_Source\\PSoC5\\isr_eoc.c"
   1:.\Generated_Source\PSoC5/isr_eoc.c **** /*******************************************************************************
   2:.\Generated_Source\PSoC5/isr_eoc.c **** * File Name: isr_eoc.c  
   3:.\Generated_Source\PSoC5/isr_eoc.c **** * Version 1.70
   4:.\Generated_Source\PSoC5/isr_eoc.c **** *
   5:.\Generated_Source\PSoC5/isr_eoc.c **** *  Description:
   6:.\Generated_Source\PSoC5/isr_eoc.c **** *   API for controlling the state of an interrupt.
   7:.\Generated_Source\PSoC5/isr_eoc.c **** *
   8:.\Generated_Source\PSoC5/isr_eoc.c **** *
   9:.\Generated_Source\PSoC5/isr_eoc.c **** *  Note:
  10:.\Generated_Source\PSoC5/isr_eoc.c **** *
  11:.\Generated_Source\PSoC5/isr_eoc.c **** ********************************************************************************
  12:.\Generated_Source\PSoC5/isr_eoc.c **** * Copyright 2008-2015, Cypress Semiconductor Corporation.  All rights reserved.
  13:.\Generated_Source\PSoC5/isr_eoc.c **** * You may use this file only in accordance with the license, terms, conditions, 
  14:.\Generated_Source\PSoC5/isr_eoc.c **** * disclaimers, and limitations in the end user license agreement accompanying 
  15:.\Generated_Source\PSoC5/isr_eoc.c **** * the software package with which this file was provided.
  16:.\Generated_Source\PSoC5/isr_eoc.c **** *******************************************************************************/
  17:.\Generated_Source\PSoC5/isr_eoc.c **** 
  18:.\Generated_Source\PSoC5/isr_eoc.c **** 
  19:.\Generated_Source\PSoC5/isr_eoc.c **** #include <cydevice_trm.h>
  20:.\Generated_Source\PSoC5/isr_eoc.c **** #include <CyLib.h>
  21:.\Generated_Source\PSoC5/isr_eoc.c **** #include <isr_eoc.h>
  22:.\Generated_Source\PSoC5/isr_eoc.c **** 
  23:.\Generated_Source\PSoC5/isr_eoc.c **** 
  24:.\Generated_Source\PSoC5/isr_eoc.c **** #if !defined(isr_eoc__REMOVED) /* Check for removal by optimization */
  25:.\Generated_Source\PSoC5/isr_eoc.c **** 
  26:.\Generated_Source\PSoC5/isr_eoc.c **** /*******************************************************************************
  27:.\Generated_Source\PSoC5/isr_eoc.c **** *  Place your includes, defines and code here 
  28:.\Generated_Source\PSoC5/isr_eoc.c **** ********************************************************************************/
  29:.\Generated_Source\PSoC5/isr_eoc.c **** /* `#START isr_eoc_intc` */
  30:.\Generated_Source\PSoC5/isr_eoc.c **** #include <project.h>   
  31:.\Generated_Source\PSoC5/isr_eoc.c **** #include "defines.h"
ARM GAS  C:\Users\rdso323\AppData\Local\Temp\cckxmOWR.s 			page 2


  32:.\Generated_Source\PSoC5/isr_eoc.c **** extern uint16 adcvalue[8];
  33:.\Generated_Source\PSoC5/isr_eoc.c **** extern uint8 dataready_flag;
  34:.\Generated_Source\PSoC5/isr_eoc.c **** /* `#END` */
  35:.\Generated_Source\PSoC5/isr_eoc.c **** 
  36:.\Generated_Source\PSoC5/isr_eoc.c **** #ifndef CYINT_IRQ_BASE
  37:.\Generated_Source\PSoC5/isr_eoc.c **** #define CYINT_IRQ_BASE      16
  38:.\Generated_Source\PSoC5/isr_eoc.c **** #endif /* CYINT_IRQ_BASE */
  39:.\Generated_Source\PSoC5/isr_eoc.c **** #ifndef CYINT_VECT_TABLE
  40:.\Generated_Source\PSoC5/isr_eoc.c **** #define CYINT_VECT_TABLE    ((cyisraddress **) CYREG_NVIC_VECT_OFFSET)
  41:.\Generated_Source\PSoC5/isr_eoc.c **** #endif /* CYINT_VECT_TABLE */
  42:.\Generated_Source\PSoC5/isr_eoc.c **** 
  43:.\Generated_Source\PSoC5/isr_eoc.c **** /* Declared in startup, used to set unused interrupts to. */
  44:.\Generated_Source\PSoC5/isr_eoc.c **** CY_ISR_PROTO(IntDefaultHandler);
  45:.\Generated_Source\PSoC5/isr_eoc.c **** 
  46:.\Generated_Source\PSoC5/isr_eoc.c **** 
  47:.\Generated_Source\PSoC5/isr_eoc.c **** /*******************************************************************************
  48:.\Generated_Source\PSoC5/isr_eoc.c **** * Function Name: isr_eoc_Start
  49:.\Generated_Source\PSoC5/isr_eoc.c **** ********************************************************************************
  50:.\Generated_Source\PSoC5/isr_eoc.c **** *
  51:.\Generated_Source\PSoC5/isr_eoc.c **** * Summary:
  52:.\Generated_Source\PSoC5/isr_eoc.c **** *  Set up the interrupt and enable it. This function disables the interrupt, 
  53:.\Generated_Source\PSoC5/isr_eoc.c **** *  sets the default interrupt vector, sets the priority from the value in the
  54:.\Generated_Source\PSoC5/isr_eoc.c **** *  Design Wide Resources Interrupt Editor, then enables the interrupt to the 
  55:.\Generated_Source\PSoC5/isr_eoc.c **** *  interrupt controller.
  56:.\Generated_Source\PSoC5/isr_eoc.c **** *
  57:.\Generated_Source\PSoC5/isr_eoc.c **** * Parameters:  
  58:.\Generated_Source\PSoC5/isr_eoc.c **** *   None
  59:.\Generated_Source\PSoC5/isr_eoc.c **** *
  60:.\Generated_Source\PSoC5/isr_eoc.c **** * Return:
  61:.\Generated_Source\PSoC5/isr_eoc.c **** *   None
  62:.\Generated_Source\PSoC5/isr_eoc.c **** *
  63:.\Generated_Source\PSoC5/isr_eoc.c **** *******************************************************************************/
  64:.\Generated_Source\PSoC5/isr_eoc.c **** void isr_eoc_Start(void)
  65:.\Generated_Source\PSoC5/isr_eoc.c **** {
  27              		.loc 1 65 0
  28              		.cfi_startproc
  29              		@ args = 0, pretend = 0, frame = 0
  30              		@ frame_needed = 1, uses_anonymous_args = 0
  31 0000 80B5     		push	{r7, lr}
  32              		.cfi_def_cfa_offset 8
  33              		.cfi_offset 7, -8
  34              		.cfi_offset 14, -4
  35 0002 00AF     		add	r7, sp, #0
  36              		.cfi_def_cfa_register 7
  66:.\Generated_Source\PSoC5/isr_eoc.c ****     /* For all we know the interrupt is active. */
  67:.\Generated_Source\PSoC5/isr_eoc.c ****     isr_eoc_Disable();
  37              		.loc 1 67 0
  38 0004 FFF7FEFF 		bl	isr_eoc_Disable
  68:.\Generated_Source\PSoC5/isr_eoc.c **** 
  69:.\Generated_Source\PSoC5/isr_eoc.c ****     /* Set the ISR to point to the isr_eoc Interrupt. */
  70:.\Generated_Source\PSoC5/isr_eoc.c ****     isr_eoc_SetVector(&isr_eoc_Interrupt);
  39              		.loc 1 70 0
  40 0008 0448     		ldr	r0, .L2
  41 000a FFF7FEFF 		bl	isr_eoc_SetVector
  71:.\Generated_Source\PSoC5/isr_eoc.c **** 
  72:.\Generated_Source\PSoC5/isr_eoc.c ****     /* Set the priority. */
  73:.\Generated_Source\PSoC5/isr_eoc.c ****     isr_eoc_SetPriority((uint8)isr_eoc_INTC_PRIOR_NUMBER);
ARM GAS  C:\Users\rdso323\AppData\Local\Temp\cckxmOWR.s 			page 3


  42              		.loc 1 73 0
  43 000e 0720     		movs	r0, #7
  44 0010 FFF7FEFF 		bl	isr_eoc_SetPriority
  74:.\Generated_Source\PSoC5/isr_eoc.c **** 
  75:.\Generated_Source\PSoC5/isr_eoc.c ****     /* Enable it. */
  76:.\Generated_Source\PSoC5/isr_eoc.c ****     isr_eoc_Enable();
  45              		.loc 1 76 0
  46 0014 FFF7FEFF 		bl	isr_eoc_Enable
  77:.\Generated_Source\PSoC5/isr_eoc.c **** }
  47              		.loc 1 77 0
  48 0018 80BD     		pop	{r7, pc}
  49              	.L3:
  50 001a 00BF     		.align	2
  51              	.L2:
  52 001c 00000000 		.word	isr_eoc_Interrupt
  53              		.cfi_endproc
  54              	.LFE63:
  55              		.size	isr_eoc_Start, .-isr_eoc_Start
  56              		.section	.text.isr_eoc_StartEx,"ax",%progbits
  57              		.align	2
  58              		.global	isr_eoc_StartEx
  59              		.thumb
  60              		.thumb_func
  61              		.type	isr_eoc_StartEx, %function
  62              	isr_eoc_StartEx:
  63              	.LFB64:
  78:.\Generated_Source\PSoC5/isr_eoc.c **** 
  79:.\Generated_Source\PSoC5/isr_eoc.c **** 
  80:.\Generated_Source\PSoC5/isr_eoc.c **** /*******************************************************************************
  81:.\Generated_Source\PSoC5/isr_eoc.c **** * Function Name: isr_eoc_StartEx
  82:.\Generated_Source\PSoC5/isr_eoc.c **** ********************************************************************************
  83:.\Generated_Source\PSoC5/isr_eoc.c **** *
  84:.\Generated_Source\PSoC5/isr_eoc.c **** * Summary:
  85:.\Generated_Source\PSoC5/isr_eoc.c **** *  Sets up the interrupt and enables it. This function disables the interrupt,
  86:.\Generated_Source\PSoC5/isr_eoc.c **** *  sets the interrupt vector based on the address passed in, sets the priority 
  87:.\Generated_Source\PSoC5/isr_eoc.c **** *  from the value in the Design Wide Resources Interrupt Editor, then enables 
  88:.\Generated_Source\PSoC5/isr_eoc.c **** *  the interrupt to the interrupt controller.
  89:.\Generated_Source\PSoC5/isr_eoc.c **** *  
  90:.\Generated_Source\PSoC5/isr_eoc.c **** *  When defining ISR functions, the CY_ISR and CY_ISR_PROTO macros should be 
  91:.\Generated_Source\PSoC5/isr_eoc.c **** *  used to provide consistent definition across compilers:
  92:.\Generated_Source\PSoC5/isr_eoc.c **** *  
  93:.\Generated_Source\PSoC5/isr_eoc.c **** *  Function definition example:
  94:.\Generated_Source\PSoC5/isr_eoc.c **** *   CY_ISR(MyISR)
  95:.\Generated_Source\PSoC5/isr_eoc.c **** *   {
  96:.\Generated_Source\PSoC5/isr_eoc.c **** *   }
  97:.\Generated_Source\PSoC5/isr_eoc.c **** *   Function prototype example:
  98:.\Generated_Source\PSoC5/isr_eoc.c **** *   CY_ISR_PROTO(MyISR);
  99:.\Generated_Source\PSoC5/isr_eoc.c **** *
 100:.\Generated_Source\PSoC5/isr_eoc.c **** * Parameters:  
 101:.\Generated_Source\PSoC5/isr_eoc.c **** *   address: Address of the ISR to set in the interrupt vector table.
 102:.\Generated_Source\PSoC5/isr_eoc.c **** *
 103:.\Generated_Source\PSoC5/isr_eoc.c **** * Return:
 104:.\Generated_Source\PSoC5/isr_eoc.c **** *   None
 105:.\Generated_Source\PSoC5/isr_eoc.c **** *
 106:.\Generated_Source\PSoC5/isr_eoc.c **** *******************************************************************************/
 107:.\Generated_Source\PSoC5/isr_eoc.c **** void isr_eoc_StartEx(cyisraddress address)
 108:.\Generated_Source\PSoC5/isr_eoc.c **** {
ARM GAS  C:\Users\rdso323\AppData\Local\Temp\cckxmOWR.s 			page 4


  64              		.loc 1 108 0
  65              		.cfi_startproc
  66              		@ args = 0, pretend = 0, frame = 8
  67              		@ frame_needed = 1, uses_anonymous_args = 0
  68 0000 80B5     		push	{r7, lr}
  69              		.cfi_def_cfa_offset 8
  70              		.cfi_offset 7, -8
  71              		.cfi_offset 14, -4
  72 0002 82B0     		sub	sp, sp, #8
  73              		.cfi_def_cfa_offset 16
  74 0004 00AF     		add	r7, sp, #0
  75              		.cfi_def_cfa_register 7
  76 0006 7860     		str	r0, [r7, #4]
 109:.\Generated_Source\PSoC5/isr_eoc.c ****     /* For all we know the interrupt is active. */
 110:.\Generated_Source\PSoC5/isr_eoc.c ****     isr_eoc_Disable();
  77              		.loc 1 110 0
  78 0008 FFF7FEFF 		bl	isr_eoc_Disable
 111:.\Generated_Source\PSoC5/isr_eoc.c **** 
 112:.\Generated_Source\PSoC5/isr_eoc.c ****     /* Set the ISR to point to the isr_eoc Interrupt. */
 113:.\Generated_Source\PSoC5/isr_eoc.c ****     isr_eoc_SetVector(address);
  79              		.loc 1 113 0
  80 000c 7868     		ldr	r0, [r7, #4]
  81 000e FFF7FEFF 		bl	isr_eoc_SetVector
 114:.\Generated_Source\PSoC5/isr_eoc.c **** 
 115:.\Generated_Source\PSoC5/isr_eoc.c ****     /* Set the priority. */
 116:.\Generated_Source\PSoC5/isr_eoc.c ****     isr_eoc_SetPriority((uint8)isr_eoc_INTC_PRIOR_NUMBER);
  82              		.loc 1 116 0
  83 0012 0720     		movs	r0, #7
  84 0014 FFF7FEFF 		bl	isr_eoc_SetPriority
 117:.\Generated_Source\PSoC5/isr_eoc.c **** 
 118:.\Generated_Source\PSoC5/isr_eoc.c ****     /* Enable it. */
 119:.\Generated_Source\PSoC5/isr_eoc.c ****     isr_eoc_Enable();
  85              		.loc 1 119 0
  86 0018 FFF7FEFF 		bl	isr_eoc_Enable
 120:.\Generated_Source\PSoC5/isr_eoc.c **** }
  87              		.loc 1 120 0
  88 001c 0837     		adds	r7, r7, #8
  89              		.cfi_def_cfa_offset 8
  90 001e BD46     		mov	sp, r7
  91              		.cfi_def_cfa_register 13
  92              		@ sp needed
  93 0020 80BD     		pop	{r7, pc}
  94              		.cfi_endproc
  95              	.LFE64:
  96              		.size	isr_eoc_StartEx, .-isr_eoc_StartEx
  97 0022 00BF     		.section	.text.isr_eoc_Stop,"ax",%progbits
  98              		.align	2
  99              		.global	isr_eoc_Stop
 100              		.thumb
 101              		.thumb_func
 102              		.type	isr_eoc_Stop, %function
 103              	isr_eoc_Stop:
 104              	.LFB65:
 121:.\Generated_Source\PSoC5/isr_eoc.c **** 
 122:.\Generated_Source\PSoC5/isr_eoc.c **** 
 123:.\Generated_Source\PSoC5/isr_eoc.c **** /*******************************************************************************
 124:.\Generated_Source\PSoC5/isr_eoc.c **** * Function Name: isr_eoc_Stop
ARM GAS  C:\Users\rdso323\AppData\Local\Temp\cckxmOWR.s 			page 5


 125:.\Generated_Source\PSoC5/isr_eoc.c **** ********************************************************************************
 126:.\Generated_Source\PSoC5/isr_eoc.c **** *
 127:.\Generated_Source\PSoC5/isr_eoc.c **** * Summary:
 128:.\Generated_Source\PSoC5/isr_eoc.c **** *   Disables and removes the interrupt.
 129:.\Generated_Source\PSoC5/isr_eoc.c **** *
 130:.\Generated_Source\PSoC5/isr_eoc.c **** * Parameters:  
 131:.\Generated_Source\PSoC5/isr_eoc.c **** *   None
 132:.\Generated_Source\PSoC5/isr_eoc.c **** *
 133:.\Generated_Source\PSoC5/isr_eoc.c **** * Return:
 134:.\Generated_Source\PSoC5/isr_eoc.c **** *   None
 135:.\Generated_Source\PSoC5/isr_eoc.c **** *
 136:.\Generated_Source\PSoC5/isr_eoc.c **** *******************************************************************************/
 137:.\Generated_Source\PSoC5/isr_eoc.c **** void isr_eoc_Stop(void)
 138:.\Generated_Source\PSoC5/isr_eoc.c **** {
 105              		.loc 1 138 0
 106              		.cfi_startproc
 107              		@ args = 0, pretend = 0, frame = 0
 108              		@ frame_needed = 1, uses_anonymous_args = 0
 109 0000 80B5     		push	{r7, lr}
 110              		.cfi_def_cfa_offset 8
 111              		.cfi_offset 7, -8
 112              		.cfi_offset 14, -4
 113 0002 00AF     		add	r7, sp, #0
 114              		.cfi_def_cfa_register 7
 139:.\Generated_Source\PSoC5/isr_eoc.c ****     /* Disable this interrupt. */
 140:.\Generated_Source\PSoC5/isr_eoc.c ****     isr_eoc_Disable();
 115              		.loc 1 140 0
 116 0004 FFF7FEFF 		bl	isr_eoc_Disable
 141:.\Generated_Source\PSoC5/isr_eoc.c **** 
 142:.\Generated_Source\PSoC5/isr_eoc.c ****     /* Set the ISR to point to the passive one. */
 143:.\Generated_Source\PSoC5/isr_eoc.c ****     isr_eoc_SetVector(&IntDefaultHandler);
 117              		.loc 1 143 0
 118 0008 0148     		ldr	r0, .L6
 119 000a FFF7FEFF 		bl	isr_eoc_SetVector
 144:.\Generated_Source\PSoC5/isr_eoc.c **** }
 120              		.loc 1 144 0
 121 000e 80BD     		pop	{r7, pc}
 122              	.L7:
 123              		.align	2
 124              	.L6:
 125 0010 00000000 		.word	IntDefaultHandler
 126              		.cfi_endproc
 127              	.LFE65:
 128              		.size	isr_eoc_Stop, .-isr_eoc_Stop
 129              		.section	.text.isr_eoc_Interrupt,"ax",%progbits
 130              		.align	2
 131              		.global	isr_eoc_Interrupt
 132              		.thumb
 133              		.thumb_func
 134              		.type	isr_eoc_Interrupt, %function
 135              	isr_eoc_Interrupt:
 136              	.LFB66:
 145:.\Generated_Source\PSoC5/isr_eoc.c **** 
 146:.\Generated_Source\PSoC5/isr_eoc.c **** 
 147:.\Generated_Source\PSoC5/isr_eoc.c **** /*******************************************************************************
 148:.\Generated_Source\PSoC5/isr_eoc.c **** * Function Name: isr_eoc_Interrupt
 149:.\Generated_Source\PSoC5/isr_eoc.c **** ********************************************************************************
ARM GAS  C:\Users\rdso323\AppData\Local\Temp\cckxmOWR.s 			page 6


 150:.\Generated_Source\PSoC5/isr_eoc.c **** *
 151:.\Generated_Source\PSoC5/isr_eoc.c **** * Summary:
 152:.\Generated_Source\PSoC5/isr_eoc.c **** *   The default Interrupt Service Routine for isr_eoc.
 153:.\Generated_Source\PSoC5/isr_eoc.c **** *
 154:.\Generated_Source\PSoC5/isr_eoc.c **** *   Add custom code between the coments to keep the next version of this file
 155:.\Generated_Source\PSoC5/isr_eoc.c **** *   from over writting your code.
 156:.\Generated_Source\PSoC5/isr_eoc.c **** *
 157:.\Generated_Source\PSoC5/isr_eoc.c **** * Parameters:  
 158:.\Generated_Source\PSoC5/isr_eoc.c **** *
 159:.\Generated_Source\PSoC5/isr_eoc.c **** * Return:
 160:.\Generated_Source\PSoC5/isr_eoc.c **** *   None
 161:.\Generated_Source\PSoC5/isr_eoc.c **** *
 162:.\Generated_Source\PSoC5/isr_eoc.c **** *******************************************************************************/
 163:.\Generated_Source\PSoC5/isr_eoc.c **** CY_ISR(isr_eoc_Interrupt)
 164:.\Generated_Source\PSoC5/isr_eoc.c **** {
 137              		.loc 1 164 0
 138              		.cfi_startproc
 139              		@ args = 0, pretend = 0, frame = 0
 140              		@ frame_needed = 1, uses_anonymous_args = 0
 141 0000 80B5     		push	{r7, lr}
 142              		.cfi_def_cfa_offset 8
 143              		.cfi_offset 7, -8
 144              		.cfi_offset 14, -4
 145 0002 00AF     		add	r7, sp, #0
 146              		.cfi_def_cfa_register 7
 165:.\Generated_Source\PSoC5/isr_eoc.c ****     #ifdef isr_eoc_INTERRUPT_INTERRUPT_CALLBACK
 166:.\Generated_Source\PSoC5/isr_eoc.c ****         isr_eoc_Interrupt_InterruptCallback();
 167:.\Generated_Source\PSoC5/isr_eoc.c ****     #endif /* isr_eoc_INTERRUPT_INTERRUPT_CALLBACK */ 
 168:.\Generated_Source\PSoC5/isr_eoc.c **** 
 169:.\Generated_Source\PSoC5/isr_eoc.c ****     /*  Place your Interrupt code here. */
 170:.\Generated_Source\PSoC5/isr_eoc.c ****     /* `#START isr_eoc_Interrupt` */
 171:.\Generated_Source\PSoC5/isr_eoc.c ****     adcvalue[0] = ADC_GetResult16(0);
 147              		.loc 1 171 0
 148 0004 0020     		movs	r0, #0
 149 0006 FFF7FEFF 		bl	ADC_GetResult16
 150 000a 0346     		mov	r3, r0
 151 000c 9AB2     		uxth	r2, r3
 152 000e 1B4B     		ldr	r3, .L9
 153 0010 1A80     		strh	r2, [r3]	@ movhi
 172:.\Generated_Source\PSoC5/isr_eoc.c ****     adcvalue[1] = ADC_GetResult16(1);
 154              		.loc 1 172 0
 155 0012 0120     		movs	r0, #1
 156 0014 FFF7FEFF 		bl	ADC_GetResult16
 157 0018 0346     		mov	r3, r0
 158 001a 9AB2     		uxth	r2, r3
 159 001c 174B     		ldr	r3, .L9
 160 001e 5A80     		strh	r2, [r3, #2]	@ movhi
 173:.\Generated_Source\PSoC5/isr_eoc.c ****     adcvalue[2] = ADC_GetResult16(2);
 161              		.loc 1 173 0
 162 0020 0220     		movs	r0, #2
 163 0022 FFF7FEFF 		bl	ADC_GetResult16
 164 0026 0346     		mov	r3, r0
 165 0028 9AB2     		uxth	r2, r3
 166 002a 144B     		ldr	r3, .L9
 167 002c 9A80     		strh	r2, [r3, #4]	@ movhi
 174:.\Generated_Source\PSoC5/isr_eoc.c ****     adcvalue[3] = ADC_GetResult16(3);
 168              		.loc 1 174 0
ARM GAS  C:\Users\rdso323\AppData\Local\Temp\cckxmOWR.s 			page 7


 169 002e 0320     		movs	r0, #3
 170 0030 FFF7FEFF 		bl	ADC_GetResult16
 171 0034 0346     		mov	r3, r0
 172 0036 9AB2     		uxth	r2, r3
 173 0038 104B     		ldr	r3, .L9
 174 003a DA80     		strh	r2, [r3, #6]	@ movhi
 175:.\Generated_Source\PSoC5/isr_eoc.c ****     adcvalue[4] = ADC_GetResult16(4);
 175              		.loc 1 175 0
 176 003c 0420     		movs	r0, #4
 177 003e FFF7FEFF 		bl	ADC_GetResult16
 178 0042 0346     		mov	r3, r0
 179 0044 9AB2     		uxth	r2, r3
 180 0046 0D4B     		ldr	r3, .L9
 181 0048 1A81     		strh	r2, [r3, #8]	@ movhi
 176:.\Generated_Source\PSoC5/isr_eoc.c ****     adcvalue[5] = ADC_GetResult16(5);
 182              		.loc 1 176 0
 183 004a 0520     		movs	r0, #5
 184 004c FFF7FEFF 		bl	ADC_GetResult16
 185 0050 0346     		mov	r3, r0
 186 0052 9AB2     		uxth	r2, r3
 187 0054 094B     		ldr	r3, .L9
 188 0056 5A81     		strh	r2, [r3, #10]	@ movhi
 177:.\Generated_Source\PSoC5/isr_eoc.c ****     adcvalue[6] = ADC_GetResult16(6);
 189              		.loc 1 177 0
 190 0058 0620     		movs	r0, #6
 191 005a FFF7FEFF 		bl	ADC_GetResult16
 192 005e 0346     		mov	r3, r0
 193 0060 9AB2     		uxth	r2, r3
 194 0062 064B     		ldr	r3, .L9
 195 0064 9A81     		strh	r2, [r3, #12]	@ movhi
 178:.\Generated_Source\PSoC5/isr_eoc.c ****     adcvalue[7] = ADC_GetResult16(7);
 196              		.loc 1 178 0
 197 0066 0720     		movs	r0, #7
 198 0068 FFF7FEFF 		bl	ADC_GetResult16
 199 006c 0346     		mov	r3, r0
 200 006e 9AB2     		uxth	r2, r3
 201 0070 024B     		ldr	r3, .L9
 202 0072 DA81     		strh	r2, [r3, #14]	@ movhi
 179:.\Generated_Source\PSoC5/isr_eoc.c ****     dataready_flag = 1;
 203              		.loc 1 179 0
 204 0074 024B     		ldr	r3, .L9+4
 205 0076 0122     		movs	r2, #1
 206 0078 1A70     		strb	r2, [r3]
 180:.\Generated_Source\PSoC5/isr_eoc.c **** 
 181:.\Generated_Source\PSoC5/isr_eoc.c ****     /* `#END` */
 182:.\Generated_Source\PSoC5/isr_eoc.c **** }
 207              		.loc 1 182 0
 208 007a 80BD     		pop	{r7, pc}
 209              	.L10:
 210              		.align	2
 211              	.L9:
 212 007c 00000000 		.word	adcvalue
 213 0080 00000000 		.word	dataready_flag
 214              		.cfi_endproc
 215              	.LFE66:
 216              		.size	isr_eoc_Interrupt, .-isr_eoc_Interrupt
 217              		.section	.text.isr_eoc_SetVector,"ax",%progbits
ARM GAS  C:\Users\rdso323\AppData\Local\Temp\cckxmOWR.s 			page 8


 218              		.align	2
 219              		.global	isr_eoc_SetVector
 220              		.thumb
 221              		.thumb_func
 222              		.type	isr_eoc_SetVector, %function
 223              	isr_eoc_SetVector:
 224              	.LFB67:
 183:.\Generated_Source\PSoC5/isr_eoc.c **** 
 184:.\Generated_Source\PSoC5/isr_eoc.c **** 
 185:.\Generated_Source\PSoC5/isr_eoc.c **** /*******************************************************************************
 186:.\Generated_Source\PSoC5/isr_eoc.c **** * Function Name: isr_eoc_SetVector
 187:.\Generated_Source\PSoC5/isr_eoc.c **** ********************************************************************************
 188:.\Generated_Source\PSoC5/isr_eoc.c **** *
 189:.\Generated_Source\PSoC5/isr_eoc.c **** * Summary:
 190:.\Generated_Source\PSoC5/isr_eoc.c **** *   Change the ISR vector for the Interrupt. Note calling isr_eoc_Start
 191:.\Generated_Source\PSoC5/isr_eoc.c **** *   will override any effect this method would have had. To set the vector 
 192:.\Generated_Source\PSoC5/isr_eoc.c **** *   before the component has been started use isr_eoc_StartEx instead.
 193:.\Generated_Source\PSoC5/isr_eoc.c **** * 
 194:.\Generated_Source\PSoC5/isr_eoc.c **** *   When defining ISR functions, the CY_ISR and CY_ISR_PROTO macros should be 
 195:.\Generated_Source\PSoC5/isr_eoc.c **** *   used to provide consistent definition across compilers:
 196:.\Generated_Source\PSoC5/isr_eoc.c **** *
 197:.\Generated_Source\PSoC5/isr_eoc.c **** *   Function definition example:
 198:.\Generated_Source\PSoC5/isr_eoc.c **** *   CY_ISR(MyISR)
 199:.\Generated_Source\PSoC5/isr_eoc.c **** *   {
 200:.\Generated_Source\PSoC5/isr_eoc.c **** *   }
 201:.\Generated_Source\PSoC5/isr_eoc.c **** *
 202:.\Generated_Source\PSoC5/isr_eoc.c **** *   Function prototype example:
 203:.\Generated_Source\PSoC5/isr_eoc.c **** *     CY_ISR_PROTO(MyISR);
 204:.\Generated_Source\PSoC5/isr_eoc.c **** *
 205:.\Generated_Source\PSoC5/isr_eoc.c **** * Parameters:
 206:.\Generated_Source\PSoC5/isr_eoc.c **** *   address: Address of the ISR to set in the interrupt vector table.
 207:.\Generated_Source\PSoC5/isr_eoc.c **** *
 208:.\Generated_Source\PSoC5/isr_eoc.c **** * Return:
 209:.\Generated_Source\PSoC5/isr_eoc.c **** *   None
 210:.\Generated_Source\PSoC5/isr_eoc.c **** *
 211:.\Generated_Source\PSoC5/isr_eoc.c **** *******************************************************************************/
 212:.\Generated_Source\PSoC5/isr_eoc.c **** void isr_eoc_SetVector(cyisraddress address)
 213:.\Generated_Source\PSoC5/isr_eoc.c **** {
 225              		.loc 1 213 0
 226              		.cfi_startproc
 227              		@ args = 0, pretend = 0, frame = 16
 228              		@ frame_needed = 1, uses_anonymous_args = 0
 229              		@ link register save eliminated.
 230 0000 80B4     		push	{r7}
 231              		.cfi_def_cfa_offset 4
 232              		.cfi_offset 7, -4
 233 0002 85B0     		sub	sp, sp, #20
 234              		.cfi_def_cfa_offset 24
 235 0004 00AF     		add	r7, sp, #0
 236              		.cfi_def_cfa_register 7
 237 0006 7860     		str	r0, [r7, #4]
 214:.\Generated_Source\PSoC5/isr_eoc.c ****     cyisraddress * ramVectorTable;
 215:.\Generated_Source\PSoC5/isr_eoc.c **** 
 216:.\Generated_Source\PSoC5/isr_eoc.c ****     ramVectorTable = (cyisraddress *) *CYINT_VECT_TABLE;
 238              		.loc 1 216 0
 239 0008 054B     		ldr	r3, .L12
 240 000a 1B68     		ldr	r3, [r3]
ARM GAS  C:\Users\rdso323\AppData\Local\Temp\cckxmOWR.s 			page 9


 241 000c FB60     		str	r3, [r7, #12]
 217:.\Generated_Source\PSoC5/isr_eoc.c **** 
 218:.\Generated_Source\PSoC5/isr_eoc.c ****     ramVectorTable[CYINT_IRQ_BASE + (uint32)isr_eoc__INTC_NUMBER] = address;
 242              		.loc 1 218 0
 243 000e FB68     		ldr	r3, [r7, #12]
 244 0010 5C33     		adds	r3, r3, #92
 245 0012 7A68     		ldr	r2, [r7, #4]
 246 0014 1A60     		str	r2, [r3]
 219:.\Generated_Source\PSoC5/isr_eoc.c **** }
 247              		.loc 1 219 0
 248 0016 1437     		adds	r7, r7, #20
 249              		.cfi_def_cfa_offset 4
 250 0018 BD46     		mov	sp, r7
 251              		.cfi_def_cfa_register 13
 252              		@ sp needed
 253 001a 5DF8047B 		ldr	r7, [sp], #4
 254              		.cfi_restore 7
 255              		.cfi_def_cfa_offset 0
 256 001e 7047     		bx	lr
 257              	.L13:
 258              		.align	2
 259              	.L12:
 260 0020 08ED00E0 		.word	-536810232
 261              		.cfi_endproc
 262              	.LFE67:
 263              		.size	isr_eoc_SetVector, .-isr_eoc_SetVector
 264              		.section	.text.isr_eoc_GetVector,"ax",%progbits
 265              		.align	2
 266              		.global	isr_eoc_GetVector
 267              		.thumb
 268              		.thumb_func
 269              		.type	isr_eoc_GetVector, %function
 270              	isr_eoc_GetVector:
 271              	.LFB68:
 220:.\Generated_Source\PSoC5/isr_eoc.c **** 
 221:.\Generated_Source\PSoC5/isr_eoc.c **** 
 222:.\Generated_Source\PSoC5/isr_eoc.c **** /*******************************************************************************
 223:.\Generated_Source\PSoC5/isr_eoc.c **** * Function Name: isr_eoc_GetVector
 224:.\Generated_Source\PSoC5/isr_eoc.c **** ********************************************************************************
 225:.\Generated_Source\PSoC5/isr_eoc.c **** *
 226:.\Generated_Source\PSoC5/isr_eoc.c **** * Summary:
 227:.\Generated_Source\PSoC5/isr_eoc.c **** *   Gets the "address" of the current ISR vector for the Interrupt.
 228:.\Generated_Source\PSoC5/isr_eoc.c **** *
 229:.\Generated_Source\PSoC5/isr_eoc.c **** * Parameters:
 230:.\Generated_Source\PSoC5/isr_eoc.c **** *   None
 231:.\Generated_Source\PSoC5/isr_eoc.c **** *
 232:.\Generated_Source\PSoC5/isr_eoc.c **** * Return:
 233:.\Generated_Source\PSoC5/isr_eoc.c **** *   Address of the ISR in the interrupt vector table.
 234:.\Generated_Source\PSoC5/isr_eoc.c **** *
 235:.\Generated_Source\PSoC5/isr_eoc.c **** *******************************************************************************/
 236:.\Generated_Source\PSoC5/isr_eoc.c **** cyisraddress isr_eoc_GetVector(void)
 237:.\Generated_Source\PSoC5/isr_eoc.c **** {
 272              		.loc 1 237 0
 273              		.cfi_startproc
 274              		@ args = 0, pretend = 0, frame = 8
 275              		@ frame_needed = 1, uses_anonymous_args = 0
 276              		@ link register save eliminated.
ARM GAS  C:\Users\rdso323\AppData\Local\Temp\cckxmOWR.s 			page 10


 277 0000 80B4     		push	{r7}
 278              		.cfi_def_cfa_offset 4
 279              		.cfi_offset 7, -4
 280 0002 83B0     		sub	sp, sp, #12
 281              		.cfi_def_cfa_offset 16
 282 0004 00AF     		add	r7, sp, #0
 283              		.cfi_def_cfa_register 7
 238:.\Generated_Source\PSoC5/isr_eoc.c ****     cyisraddress * ramVectorTable;
 239:.\Generated_Source\PSoC5/isr_eoc.c **** 
 240:.\Generated_Source\PSoC5/isr_eoc.c ****     ramVectorTable = (cyisraddress *) *CYINT_VECT_TABLE;
 284              		.loc 1 240 0
 285 0006 054B     		ldr	r3, .L16
 286 0008 1B68     		ldr	r3, [r3]
 287 000a 7B60     		str	r3, [r7, #4]
 241:.\Generated_Source\PSoC5/isr_eoc.c **** 
 242:.\Generated_Source\PSoC5/isr_eoc.c ****     return ramVectorTable[CYINT_IRQ_BASE + (uint32)isr_eoc__INTC_NUMBER];
 288              		.loc 1 242 0
 289 000c 7B68     		ldr	r3, [r7, #4]
 290 000e DB6D     		ldr	r3, [r3, #92]
 243:.\Generated_Source\PSoC5/isr_eoc.c **** }
 291              		.loc 1 243 0
 292 0010 1846     		mov	r0, r3
 293 0012 0C37     		adds	r7, r7, #12
 294              		.cfi_def_cfa_offset 4
 295 0014 BD46     		mov	sp, r7
 296              		.cfi_def_cfa_register 13
 297              		@ sp needed
 298 0016 5DF8047B 		ldr	r7, [sp], #4
 299              		.cfi_restore 7
 300              		.cfi_def_cfa_offset 0
 301 001a 7047     		bx	lr
 302              	.L17:
 303              		.align	2
 304              	.L16:
 305 001c 08ED00E0 		.word	-536810232
 306              		.cfi_endproc
 307              	.LFE68:
 308              		.size	isr_eoc_GetVector, .-isr_eoc_GetVector
 309              		.section	.text.isr_eoc_SetPriority,"ax",%progbits
 310              		.align	2
 311              		.global	isr_eoc_SetPriority
 312              		.thumb
 313              		.thumb_func
 314              		.type	isr_eoc_SetPriority, %function
 315              	isr_eoc_SetPriority:
 316              	.LFB69:
 244:.\Generated_Source\PSoC5/isr_eoc.c **** 
 245:.\Generated_Source\PSoC5/isr_eoc.c **** 
 246:.\Generated_Source\PSoC5/isr_eoc.c **** /*******************************************************************************
 247:.\Generated_Source\PSoC5/isr_eoc.c **** * Function Name: isr_eoc_SetPriority
 248:.\Generated_Source\PSoC5/isr_eoc.c **** ********************************************************************************
 249:.\Generated_Source\PSoC5/isr_eoc.c **** *
 250:.\Generated_Source\PSoC5/isr_eoc.c **** * Summary:
 251:.\Generated_Source\PSoC5/isr_eoc.c **** *   Sets the Priority of the Interrupt. 
 252:.\Generated_Source\PSoC5/isr_eoc.c **** *
 253:.\Generated_Source\PSoC5/isr_eoc.c **** *   Note calling isr_eoc_Start or isr_eoc_StartEx will 
 254:.\Generated_Source\PSoC5/isr_eoc.c **** *   override any effect this API would have had. This API should only be called
ARM GAS  C:\Users\rdso323\AppData\Local\Temp\cckxmOWR.s 			page 11


 255:.\Generated_Source\PSoC5/isr_eoc.c **** *   after isr_eoc_Start or isr_eoc_StartEx has been called. 
 256:.\Generated_Source\PSoC5/isr_eoc.c **** *   To set the initial priority for the component, use the Design-Wide Resources
 257:.\Generated_Source\PSoC5/isr_eoc.c **** *   Interrupt Editor.
 258:.\Generated_Source\PSoC5/isr_eoc.c **** *
 259:.\Generated_Source\PSoC5/isr_eoc.c **** *   Note This API has no effect on Non-maskable interrupt NMI).
 260:.\Generated_Source\PSoC5/isr_eoc.c **** *
 261:.\Generated_Source\PSoC5/isr_eoc.c **** * Parameters:
 262:.\Generated_Source\PSoC5/isr_eoc.c **** *   priority: Priority of the interrupt, 0 being the highest priority
 263:.\Generated_Source\PSoC5/isr_eoc.c **** *             PSoC 3 and PSoC 5LP: Priority is from 0 to 7.
 264:.\Generated_Source\PSoC5/isr_eoc.c **** *             PSoC 4: Priority is from 0 to 3.
 265:.\Generated_Source\PSoC5/isr_eoc.c **** *
 266:.\Generated_Source\PSoC5/isr_eoc.c **** * Return:
 267:.\Generated_Source\PSoC5/isr_eoc.c **** *   None
 268:.\Generated_Source\PSoC5/isr_eoc.c **** *
 269:.\Generated_Source\PSoC5/isr_eoc.c **** *******************************************************************************/
 270:.\Generated_Source\PSoC5/isr_eoc.c **** void isr_eoc_SetPriority(uint8 priority)
 271:.\Generated_Source\PSoC5/isr_eoc.c **** {
 317              		.loc 1 271 0
 318              		.cfi_startproc
 319              		@ args = 0, pretend = 0, frame = 8
 320              		@ frame_needed = 1, uses_anonymous_args = 0
 321              		@ link register save eliminated.
 322 0000 80B4     		push	{r7}
 323              		.cfi_def_cfa_offset 4
 324              		.cfi_offset 7, -4
 325 0002 83B0     		sub	sp, sp, #12
 326              		.cfi_def_cfa_offset 16
 327 0004 00AF     		add	r7, sp, #0
 328              		.cfi_def_cfa_register 7
 329 0006 0346     		mov	r3, r0
 330 0008 FB71     		strb	r3, [r7, #7]
 272:.\Generated_Source\PSoC5/isr_eoc.c ****     *isr_eoc_INTC_PRIOR = priority << 5;
 331              		.loc 1 272 0
 332 000a 054A     		ldr	r2, .L19
 333 000c FB79     		ldrb	r3, [r7, #7]
 334 000e 5B01     		lsls	r3, r3, #5
 335 0010 DBB2     		uxtb	r3, r3
 336 0012 1370     		strb	r3, [r2]
 273:.\Generated_Source\PSoC5/isr_eoc.c **** }
 337              		.loc 1 273 0
 338 0014 0C37     		adds	r7, r7, #12
 339              		.cfi_def_cfa_offset 4
 340 0016 BD46     		mov	sp, r7
 341              		.cfi_def_cfa_register 13
 342              		@ sp needed
 343 0018 5DF8047B 		ldr	r7, [sp], #4
 344              		.cfi_restore 7
 345              		.cfi_def_cfa_offset 0
 346 001c 7047     		bx	lr
 347              	.L20:
 348 001e 00BF     		.align	2
 349              	.L19:
 350 0020 07E400E0 		.word	-536812537
 351              		.cfi_endproc
 352              	.LFE69:
 353              		.size	isr_eoc_SetPriority, .-isr_eoc_SetPriority
 354              		.section	.text.isr_eoc_GetPriority,"ax",%progbits
ARM GAS  C:\Users\rdso323\AppData\Local\Temp\cckxmOWR.s 			page 12


 355              		.align	2
 356              		.global	isr_eoc_GetPriority
 357              		.thumb
 358              		.thumb_func
 359              		.type	isr_eoc_GetPriority, %function
 360              	isr_eoc_GetPriority:
 361              	.LFB70:
 274:.\Generated_Source\PSoC5/isr_eoc.c **** 
 275:.\Generated_Source\PSoC5/isr_eoc.c **** 
 276:.\Generated_Source\PSoC5/isr_eoc.c **** /*******************************************************************************
 277:.\Generated_Source\PSoC5/isr_eoc.c **** * Function Name: isr_eoc_GetPriority
 278:.\Generated_Source\PSoC5/isr_eoc.c **** ********************************************************************************
 279:.\Generated_Source\PSoC5/isr_eoc.c **** *
 280:.\Generated_Source\PSoC5/isr_eoc.c **** * Summary:
 281:.\Generated_Source\PSoC5/isr_eoc.c **** *   Gets the Priority of the Interrupt.
 282:.\Generated_Source\PSoC5/isr_eoc.c **** *
 283:.\Generated_Source\PSoC5/isr_eoc.c **** * Parameters:
 284:.\Generated_Source\PSoC5/isr_eoc.c **** *   None
 285:.\Generated_Source\PSoC5/isr_eoc.c **** *
 286:.\Generated_Source\PSoC5/isr_eoc.c **** * Return:
 287:.\Generated_Source\PSoC5/isr_eoc.c **** *   Priority of the interrupt, 0 being the highest priority
 288:.\Generated_Source\PSoC5/isr_eoc.c **** *    PSoC 3 and PSoC 5LP: Priority is from 0 to 7.
 289:.\Generated_Source\PSoC5/isr_eoc.c **** *    PSoC 4: Priority is from 0 to 3.
 290:.\Generated_Source\PSoC5/isr_eoc.c **** *
 291:.\Generated_Source\PSoC5/isr_eoc.c **** *******************************************************************************/
 292:.\Generated_Source\PSoC5/isr_eoc.c **** uint8 isr_eoc_GetPriority(void)
 293:.\Generated_Source\PSoC5/isr_eoc.c **** {
 362              		.loc 1 293 0
 363              		.cfi_startproc
 364              		@ args = 0, pretend = 0, frame = 8
 365              		@ frame_needed = 1, uses_anonymous_args = 0
 366              		@ link register save eliminated.
 367 0000 80B4     		push	{r7}
 368              		.cfi_def_cfa_offset 4
 369              		.cfi_offset 7, -4
 370 0002 83B0     		sub	sp, sp, #12
 371              		.cfi_def_cfa_offset 16
 372 0004 00AF     		add	r7, sp, #0
 373              		.cfi_def_cfa_register 7
 294:.\Generated_Source\PSoC5/isr_eoc.c ****     uint8 priority;
 295:.\Generated_Source\PSoC5/isr_eoc.c **** 
 296:.\Generated_Source\PSoC5/isr_eoc.c **** 
 297:.\Generated_Source\PSoC5/isr_eoc.c ****     priority = *isr_eoc_INTC_PRIOR >> 5;
 374              		.loc 1 297 0
 375 0006 064B     		ldr	r3, .L23
 376 0008 1B78     		ldrb	r3, [r3]
 377 000a DBB2     		uxtb	r3, r3
 378 000c 5B09     		lsrs	r3, r3, #5
 379 000e FB71     		strb	r3, [r7, #7]
 298:.\Generated_Source\PSoC5/isr_eoc.c **** 
 299:.\Generated_Source\PSoC5/isr_eoc.c ****     return priority;
 380              		.loc 1 299 0
 381 0010 FB79     		ldrb	r3, [r7, #7]	@ zero_extendqisi2
 300:.\Generated_Source\PSoC5/isr_eoc.c **** }
 382              		.loc 1 300 0
 383 0012 1846     		mov	r0, r3
 384 0014 0C37     		adds	r7, r7, #12
ARM GAS  C:\Users\rdso323\AppData\Local\Temp\cckxmOWR.s 			page 13


 385              		.cfi_def_cfa_offset 4
 386 0016 BD46     		mov	sp, r7
 387              		.cfi_def_cfa_register 13
 388              		@ sp needed
 389 0018 5DF8047B 		ldr	r7, [sp], #4
 390              		.cfi_restore 7
 391              		.cfi_def_cfa_offset 0
 392 001c 7047     		bx	lr
 393              	.L24:
 394 001e 00BF     		.align	2
 395              	.L23:
 396 0020 07E400E0 		.word	-536812537
 397              		.cfi_endproc
 398              	.LFE70:
 399              		.size	isr_eoc_GetPriority, .-isr_eoc_GetPriority
 400              		.section	.text.isr_eoc_Enable,"ax",%progbits
 401              		.align	2
 402              		.global	isr_eoc_Enable
 403              		.thumb
 404              		.thumb_func
 405              		.type	isr_eoc_Enable, %function
 406              	isr_eoc_Enable:
 407              	.LFB71:
 301:.\Generated_Source\PSoC5/isr_eoc.c **** 
 302:.\Generated_Source\PSoC5/isr_eoc.c **** 
 303:.\Generated_Source\PSoC5/isr_eoc.c **** /*******************************************************************************
 304:.\Generated_Source\PSoC5/isr_eoc.c **** * Function Name: isr_eoc_Enable
 305:.\Generated_Source\PSoC5/isr_eoc.c **** ********************************************************************************
 306:.\Generated_Source\PSoC5/isr_eoc.c **** *
 307:.\Generated_Source\PSoC5/isr_eoc.c **** * Summary:
 308:.\Generated_Source\PSoC5/isr_eoc.c **** *   Enables the interrupt to the interrupt controller. Do not call this function
 309:.\Generated_Source\PSoC5/isr_eoc.c **** *   unless ISR_Start() has been called or the functionality of the ISR_Start() 
 310:.\Generated_Source\PSoC5/isr_eoc.c **** *   function, which sets the vector and the priority, has been called.
 311:.\Generated_Source\PSoC5/isr_eoc.c **** *
 312:.\Generated_Source\PSoC5/isr_eoc.c **** * Parameters:
 313:.\Generated_Source\PSoC5/isr_eoc.c **** *   None
 314:.\Generated_Source\PSoC5/isr_eoc.c **** *
 315:.\Generated_Source\PSoC5/isr_eoc.c **** * Return:
 316:.\Generated_Source\PSoC5/isr_eoc.c **** *   None
 317:.\Generated_Source\PSoC5/isr_eoc.c **** *
 318:.\Generated_Source\PSoC5/isr_eoc.c **** *******************************************************************************/
 319:.\Generated_Source\PSoC5/isr_eoc.c **** void isr_eoc_Enable(void)
 320:.\Generated_Source\PSoC5/isr_eoc.c **** {
 408              		.loc 1 320 0
 409              		.cfi_startproc
 410              		@ args = 0, pretend = 0, frame = 0
 411              		@ frame_needed = 1, uses_anonymous_args = 0
 412              		@ link register save eliminated.
 413 0000 80B4     		push	{r7}
 414              		.cfi_def_cfa_offset 4
 415              		.cfi_offset 7, -4
 416 0002 00AF     		add	r7, sp, #0
 417              		.cfi_def_cfa_register 7
 321:.\Generated_Source\PSoC5/isr_eoc.c ****     /* Enable the general interrupt. */
 322:.\Generated_Source\PSoC5/isr_eoc.c ****     *isr_eoc_INTC_SET_EN = isr_eoc__INTC_MASK;
 418              		.loc 1 322 0
 419 0004 034B     		ldr	r3, .L26
ARM GAS  C:\Users\rdso323\AppData\Local\Temp\cckxmOWR.s 			page 14


 420 0006 8022     		movs	r2, #128
 421 0008 1A60     		str	r2, [r3]
 323:.\Generated_Source\PSoC5/isr_eoc.c **** }
 422              		.loc 1 323 0
 423 000a BD46     		mov	sp, r7
 424              		.cfi_def_cfa_register 13
 425              		@ sp needed
 426 000c 5DF8047B 		ldr	r7, [sp], #4
 427              		.cfi_restore 7
 428              		.cfi_def_cfa_offset 0
 429 0010 7047     		bx	lr
 430              	.L27:
 431 0012 00BF     		.align	2
 432              	.L26:
 433 0014 00E100E0 		.word	-536813312
 434              		.cfi_endproc
 435              	.LFE71:
 436              		.size	isr_eoc_Enable, .-isr_eoc_Enable
 437              		.section	.text.isr_eoc_GetState,"ax",%progbits
 438              		.align	2
 439              		.global	isr_eoc_GetState
 440              		.thumb
 441              		.thumb_func
 442              		.type	isr_eoc_GetState, %function
 443              	isr_eoc_GetState:
 444              	.LFB72:
 324:.\Generated_Source\PSoC5/isr_eoc.c **** 
 325:.\Generated_Source\PSoC5/isr_eoc.c **** 
 326:.\Generated_Source\PSoC5/isr_eoc.c **** /*******************************************************************************
 327:.\Generated_Source\PSoC5/isr_eoc.c **** * Function Name: isr_eoc_GetState
 328:.\Generated_Source\PSoC5/isr_eoc.c **** ********************************************************************************
 329:.\Generated_Source\PSoC5/isr_eoc.c **** *
 330:.\Generated_Source\PSoC5/isr_eoc.c **** * Summary:
 331:.\Generated_Source\PSoC5/isr_eoc.c **** *   Gets the state (enabled, disabled) of the Interrupt.
 332:.\Generated_Source\PSoC5/isr_eoc.c **** *
 333:.\Generated_Source\PSoC5/isr_eoc.c **** * Parameters:
 334:.\Generated_Source\PSoC5/isr_eoc.c **** *   None
 335:.\Generated_Source\PSoC5/isr_eoc.c **** *
 336:.\Generated_Source\PSoC5/isr_eoc.c **** * Return:
 337:.\Generated_Source\PSoC5/isr_eoc.c **** *   1 if enabled, 0 if disabled.
 338:.\Generated_Source\PSoC5/isr_eoc.c **** *
 339:.\Generated_Source\PSoC5/isr_eoc.c **** *******************************************************************************/
 340:.\Generated_Source\PSoC5/isr_eoc.c **** uint8 isr_eoc_GetState(void)
 341:.\Generated_Source\PSoC5/isr_eoc.c **** {
 445              		.loc 1 341 0
 446              		.cfi_startproc
 447              		@ args = 0, pretend = 0, frame = 0
 448              		@ frame_needed = 1, uses_anonymous_args = 0
 449              		@ link register save eliminated.
 450 0000 80B4     		push	{r7}
 451              		.cfi_def_cfa_offset 4
 452              		.cfi_offset 7, -4
 453 0002 00AF     		add	r7, sp, #0
 454              		.cfi_def_cfa_register 7
 342:.\Generated_Source\PSoC5/isr_eoc.c ****     /* Get the state of the general interrupt. */
 343:.\Generated_Source\PSoC5/isr_eoc.c ****     return ((*isr_eoc_INTC_SET_EN & (uint32)isr_eoc__INTC_MASK) != 0u) ? 1u:0u;
 455              		.loc 1 343 0
ARM GAS  C:\Users\rdso323\AppData\Local\Temp\cckxmOWR.s 			page 15


 456 0004 064B     		ldr	r3, .L32
 457 0006 1B68     		ldr	r3, [r3]
 458 0008 03F08003 		and	r3, r3, #128
 459 000c 002B     		cmp	r3, #0
 460 000e 01D0     		beq	.L29
 461              		.loc 1 343 0 is_stmt 0 discriminator 1
 462 0010 0123     		movs	r3, #1
 463 0012 00E0     		b	.L30
 464              	.L29:
 465              		.loc 1 343 0 discriminator 2
 466 0014 0023     		movs	r3, #0
 467              	.L30:
 344:.\Generated_Source\PSoC5/isr_eoc.c **** }
 468              		.loc 1 344 0 is_stmt 1 discriminator 4
 469 0016 1846     		mov	r0, r3
 470 0018 BD46     		mov	sp, r7
 471              		.cfi_def_cfa_register 13
 472              		@ sp needed
 473 001a 5DF8047B 		ldr	r7, [sp], #4
 474              		.cfi_restore 7
 475              		.cfi_def_cfa_offset 0
 476 001e 7047     		bx	lr
 477              	.L33:
 478              		.align	2
 479              	.L32:
 480 0020 00E100E0 		.word	-536813312
 481              		.cfi_endproc
 482              	.LFE72:
 483              		.size	isr_eoc_GetState, .-isr_eoc_GetState
 484              		.section	.text.isr_eoc_Disable,"ax",%progbits
 485              		.align	2
 486              		.global	isr_eoc_Disable
 487              		.thumb
 488              		.thumb_func
 489              		.type	isr_eoc_Disable, %function
 490              	isr_eoc_Disable:
 491              	.LFB73:
 345:.\Generated_Source\PSoC5/isr_eoc.c **** 
 346:.\Generated_Source\PSoC5/isr_eoc.c **** 
 347:.\Generated_Source\PSoC5/isr_eoc.c **** /*******************************************************************************
 348:.\Generated_Source\PSoC5/isr_eoc.c **** * Function Name: isr_eoc_Disable
 349:.\Generated_Source\PSoC5/isr_eoc.c **** ********************************************************************************
 350:.\Generated_Source\PSoC5/isr_eoc.c **** *
 351:.\Generated_Source\PSoC5/isr_eoc.c **** * Summary:
 352:.\Generated_Source\PSoC5/isr_eoc.c **** *   Disables the Interrupt in the interrupt controller.
 353:.\Generated_Source\PSoC5/isr_eoc.c **** *
 354:.\Generated_Source\PSoC5/isr_eoc.c **** * Parameters:
 355:.\Generated_Source\PSoC5/isr_eoc.c **** *   None
 356:.\Generated_Source\PSoC5/isr_eoc.c **** *
 357:.\Generated_Source\PSoC5/isr_eoc.c **** * Return:
 358:.\Generated_Source\PSoC5/isr_eoc.c **** *   None
 359:.\Generated_Source\PSoC5/isr_eoc.c **** *
 360:.\Generated_Source\PSoC5/isr_eoc.c **** *******************************************************************************/
 361:.\Generated_Source\PSoC5/isr_eoc.c **** void isr_eoc_Disable(void)
 362:.\Generated_Source\PSoC5/isr_eoc.c **** {
 492              		.loc 1 362 0
 493              		.cfi_startproc
ARM GAS  C:\Users\rdso323\AppData\Local\Temp\cckxmOWR.s 			page 16


 494              		@ args = 0, pretend = 0, frame = 0
 495              		@ frame_needed = 1, uses_anonymous_args = 0
 496              		@ link register save eliminated.
 497 0000 80B4     		push	{r7}
 498              		.cfi_def_cfa_offset 4
 499              		.cfi_offset 7, -4
 500 0002 00AF     		add	r7, sp, #0
 501              		.cfi_def_cfa_register 7
 363:.\Generated_Source\PSoC5/isr_eoc.c ****     /* Disable the general interrupt. */
 364:.\Generated_Source\PSoC5/isr_eoc.c ****     *isr_eoc_INTC_CLR_EN = isr_eoc__INTC_MASK;
 502              		.loc 1 364 0
 503 0004 034B     		ldr	r3, .L35
 504 0006 8022     		movs	r2, #128
 505 0008 1A60     		str	r2, [r3]
 365:.\Generated_Source\PSoC5/isr_eoc.c **** }
 506              		.loc 1 365 0
 507 000a BD46     		mov	sp, r7
 508              		.cfi_def_cfa_register 13
 509              		@ sp needed
 510 000c 5DF8047B 		ldr	r7, [sp], #4
 511              		.cfi_restore 7
 512              		.cfi_def_cfa_offset 0
 513 0010 7047     		bx	lr
 514              	.L36:
 515 0012 00BF     		.align	2
 516              	.L35:
 517 0014 80E100E0 		.word	-536813184
 518              		.cfi_endproc
 519              	.LFE73:
 520              		.size	isr_eoc_Disable, .-isr_eoc_Disable
 521              		.section	.text.isr_eoc_SetPending,"ax",%progbits
 522              		.align	2
 523              		.global	isr_eoc_SetPending
 524              		.thumb
 525              		.thumb_func
 526              		.type	isr_eoc_SetPending, %function
 527              	isr_eoc_SetPending:
 528              	.LFB74:
 366:.\Generated_Source\PSoC5/isr_eoc.c **** 
 367:.\Generated_Source\PSoC5/isr_eoc.c **** 
 368:.\Generated_Source\PSoC5/isr_eoc.c **** /*******************************************************************************
 369:.\Generated_Source\PSoC5/isr_eoc.c **** * Function Name: isr_eoc_SetPending
 370:.\Generated_Source\PSoC5/isr_eoc.c **** ********************************************************************************
 371:.\Generated_Source\PSoC5/isr_eoc.c **** *
 372:.\Generated_Source\PSoC5/isr_eoc.c **** * Summary:
 373:.\Generated_Source\PSoC5/isr_eoc.c **** *   Causes the Interrupt to enter the pending state, a software method of
 374:.\Generated_Source\PSoC5/isr_eoc.c **** *   generating the interrupt.
 375:.\Generated_Source\PSoC5/isr_eoc.c **** *
 376:.\Generated_Source\PSoC5/isr_eoc.c **** * Parameters:
 377:.\Generated_Source\PSoC5/isr_eoc.c **** *   None
 378:.\Generated_Source\PSoC5/isr_eoc.c **** *
 379:.\Generated_Source\PSoC5/isr_eoc.c **** * Return:
 380:.\Generated_Source\PSoC5/isr_eoc.c **** *   None
 381:.\Generated_Source\PSoC5/isr_eoc.c **** *
 382:.\Generated_Source\PSoC5/isr_eoc.c **** * Side Effects:
 383:.\Generated_Source\PSoC5/isr_eoc.c **** *   If interrupts are enabled and the interrupt is set up properly, the ISR is
 384:.\Generated_Source\PSoC5/isr_eoc.c **** *   entered (depending on the priority of this interrupt and other pending 
ARM GAS  C:\Users\rdso323\AppData\Local\Temp\cckxmOWR.s 			page 17


 385:.\Generated_Source\PSoC5/isr_eoc.c **** *   interrupts).
 386:.\Generated_Source\PSoC5/isr_eoc.c **** *
 387:.\Generated_Source\PSoC5/isr_eoc.c **** *******************************************************************************/
 388:.\Generated_Source\PSoC5/isr_eoc.c **** void isr_eoc_SetPending(void)
 389:.\Generated_Source\PSoC5/isr_eoc.c **** {
 529              		.loc 1 389 0
 530              		.cfi_startproc
 531              		@ args = 0, pretend = 0, frame = 0
 532              		@ frame_needed = 1, uses_anonymous_args = 0
 533              		@ link register save eliminated.
 534 0000 80B4     		push	{r7}
 535              		.cfi_def_cfa_offset 4
 536              		.cfi_offset 7, -4
 537 0002 00AF     		add	r7, sp, #0
 538              		.cfi_def_cfa_register 7
 390:.\Generated_Source\PSoC5/isr_eoc.c ****     *isr_eoc_INTC_SET_PD = isr_eoc__INTC_MASK;
 539              		.loc 1 390 0
 540 0004 034B     		ldr	r3, .L38
 541 0006 8022     		movs	r2, #128
 542 0008 1A60     		str	r2, [r3]
 391:.\Generated_Source\PSoC5/isr_eoc.c **** }
 543              		.loc 1 391 0
 544 000a BD46     		mov	sp, r7
 545              		.cfi_def_cfa_register 13
 546              		@ sp needed
 547 000c 5DF8047B 		ldr	r7, [sp], #4
 548              		.cfi_restore 7
 549              		.cfi_def_cfa_offset 0
 550 0010 7047     		bx	lr
 551              	.L39:
 552 0012 00BF     		.align	2
 553              	.L38:
 554 0014 00E200E0 		.word	-536813056
 555              		.cfi_endproc
 556              	.LFE74:
 557              		.size	isr_eoc_SetPending, .-isr_eoc_SetPending
 558              		.section	.text.isr_eoc_ClearPending,"ax",%progbits
 559              		.align	2
 560              		.global	isr_eoc_ClearPending
 561              		.thumb
 562              		.thumb_func
 563              		.type	isr_eoc_ClearPending, %function
 564              	isr_eoc_ClearPending:
 565              	.LFB75:
 392:.\Generated_Source\PSoC5/isr_eoc.c **** 
 393:.\Generated_Source\PSoC5/isr_eoc.c **** 
 394:.\Generated_Source\PSoC5/isr_eoc.c **** /*******************************************************************************
 395:.\Generated_Source\PSoC5/isr_eoc.c **** * Function Name: isr_eoc_ClearPending
 396:.\Generated_Source\PSoC5/isr_eoc.c **** ********************************************************************************
 397:.\Generated_Source\PSoC5/isr_eoc.c **** *
 398:.\Generated_Source\PSoC5/isr_eoc.c **** * Summary:
 399:.\Generated_Source\PSoC5/isr_eoc.c **** *   Clears a pending interrupt in the interrupt controller.
 400:.\Generated_Source\PSoC5/isr_eoc.c **** *
 401:.\Generated_Source\PSoC5/isr_eoc.c **** *   Note Some interrupt sources are clear-on-read and require the block 
 402:.\Generated_Source\PSoC5/isr_eoc.c **** *   interrupt/status register to be read/cleared with the appropriate block API 
 403:.\Generated_Source\PSoC5/isr_eoc.c **** *   (GPIO, UART, and so on). Otherwise the ISR will continue to remain in 
 404:.\Generated_Source\PSoC5/isr_eoc.c **** *   pending state even though the interrupt itself is cleared using this API.
ARM GAS  C:\Users\rdso323\AppData\Local\Temp\cckxmOWR.s 			page 18


 405:.\Generated_Source\PSoC5/isr_eoc.c **** *
 406:.\Generated_Source\PSoC5/isr_eoc.c **** * Parameters:
 407:.\Generated_Source\PSoC5/isr_eoc.c **** *   None
 408:.\Generated_Source\PSoC5/isr_eoc.c **** *
 409:.\Generated_Source\PSoC5/isr_eoc.c **** * Return:
 410:.\Generated_Source\PSoC5/isr_eoc.c **** *   None
 411:.\Generated_Source\PSoC5/isr_eoc.c **** *
 412:.\Generated_Source\PSoC5/isr_eoc.c **** *******************************************************************************/
 413:.\Generated_Source\PSoC5/isr_eoc.c **** void isr_eoc_ClearPending(void)
 414:.\Generated_Source\PSoC5/isr_eoc.c **** {
 566              		.loc 1 414 0
 567              		.cfi_startproc
 568              		@ args = 0, pretend = 0, frame = 0
 569              		@ frame_needed = 1, uses_anonymous_args = 0
 570              		@ link register save eliminated.
 571 0000 80B4     		push	{r7}
 572              		.cfi_def_cfa_offset 4
 573              		.cfi_offset 7, -4
 574 0002 00AF     		add	r7, sp, #0
 575              		.cfi_def_cfa_register 7
 415:.\Generated_Source\PSoC5/isr_eoc.c ****     *isr_eoc_INTC_CLR_PD = isr_eoc__INTC_MASK;
 576              		.loc 1 415 0
 577 0004 034B     		ldr	r3, .L41
 578 0006 8022     		movs	r2, #128
 579 0008 1A60     		str	r2, [r3]
 416:.\Generated_Source\PSoC5/isr_eoc.c **** }
 580              		.loc 1 416 0
 581 000a BD46     		mov	sp, r7
 582              		.cfi_def_cfa_register 13
 583              		@ sp needed
 584 000c 5DF8047B 		ldr	r7, [sp], #4
 585              		.cfi_restore 7
 586              		.cfi_def_cfa_offset 0
 587 0010 7047     		bx	lr
 588              	.L42:
 589 0012 00BF     		.align	2
 590              	.L41:
 591 0014 80E200E0 		.word	-536812928
 592              		.cfi_endproc
 593              	.LFE75:
 594              		.size	isr_eoc_ClearPending, .-isr_eoc_ClearPending
 595              		.text
 596              	.Letext0:
 597              		.file 2 "c:\\program files (x86)\\cypress\\psoc creator\\3.3\\psoc creator\\import\\gnu\\arm\\4.9.
 598              		.file 3 "c:\\program files (x86)\\cypress\\psoc creator\\3.3\\psoc creator\\import\\gnu\\arm\\4.9.
 599              		.file 4 "Generated_Source\\PSoC5/cytypes.h"
 600              		.file 5 "Generated_Source\\PSoC5/core_cm3.h"
 601              		.section	.debug_info,"",%progbits
 602              	.Ldebug_info0:
 603 0000 8F020000 		.4byte	0x28f
 604 0004 0400     		.2byte	0x4
 605 0006 00000000 		.4byte	.Ldebug_abbrev0
 606 000a 04       		.byte	0x4
 607 000b 01       		.uleb128 0x1
 608 000c 97000000 		.4byte	.LASF39
 609 0010 01       		.byte	0x1
 610 0011 5F020000 		.4byte	.LASF40
ARM GAS  C:\Users\rdso323\AppData\Local\Temp\cckxmOWR.s 			page 19


 611 0015 33000000 		.4byte	.LASF41
 612 0019 00000000 		.4byte	.Ldebug_ranges0+0
 613 001d 00000000 		.4byte	0
 614 0021 00000000 		.4byte	.Ldebug_line0
 615 0025 02       		.uleb128 0x2
 616 0026 04       		.byte	0x4
 617 0027 05       		.byte	0x5
 618 0028 696E7400 		.ascii	"int\000"
 619 002c 03       		.uleb128 0x3
 620 002d 04       		.byte	0x4
 621 002e 07       		.byte	0x7
 622 002f F5010000 		.4byte	.LASF0
 623 0033 03       		.uleb128 0x3
 624 0034 01       		.byte	0x1
 625 0035 06       		.byte	0x6
 626 0036 E2020000 		.4byte	.LASF1
 627 003a 03       		.uleb128 0x3
 628 003b 01       		.byte	0x1
 629 003c 08       		.byte	0x8
 630 003d 5E010000 		.4byte	.LASF2
 631 0041 03       		.uleb128 0x3
 632 0042 02       		.byte	0x2
 633 0043 05       		.byte	0x5
 634 0044 97020000 		.4byte	.LASF3
 635 0048 03       		.uleb128 0x3
 636 0049 02       		.byte	0x2
 637 004a 07       		.byte	0x7
 638 004b A7010000 		.4byte	.LASF4
 639 004f 04       		.uleb128 0x4
 640 0050 29000000 		.4byte	.LASF11
 641 0054 02       		.byte	0x2
 642 0055 3F       		.byte	0x3f
 643 0056 5A000000 		.4byte	0x5a
 644 005a 03       		.uleb128 0x3
 645 005b 04       		.byte	0x4
 646 005c 05       		.byte	0x5
 647 005d C8020000 		.4byte	.LASF5
 648 0061 03       		.uleb128 0x3
 649 0062 04       		.byte	0x4
 650 0063 07       		.byte	0x7
 651 0064 95010000 		.4byte	.LASF6
 652 0068 03       		.uleb128 0x3
 653 0069 08       		.byte	0x8
 654 006a 05       		.byte	0x5
 655 006b 4C020000 		.4byte	.LASF7
 656 006f 03       		.uleb128 0x3
 657 0070 08       		.byte	0x8
 658 0071 07       		.byte	0x7
 659 0072 0A020000 		.4byte	.LASF8
 660 0076 03       		.uleb128 0x3
 661 0077 04       		.byte	0x4
 662 0078 07       		.byte	0x7
 663 0079 43020000 		.4byte	.LASF9
 664 007d 05       		.uleb128 0x5
 665 007e 04       		.byte	0x4
 666 007f 83000000 		.4byte	0x83
 667 0083 06       		.uleb128 0x6
ARM GAS  C:\Users\rdso323\AppData\Local\Temp\cckxmOWR.s 			page 20


 668 0084 03       		.uleb128 0x3
 669 0085 01       		.byte	0x1
 670 0086 08       		.byte	0x8
 671 0087 5A020000 		.4byte	.LASF10
 672 008b 04       		.uleb128 0x4
 673 008c 3B020000 		.4byte	.LASF12
 674 0090 03       		.byte	0x3
 675 0091 2C       		.byte	0x2c
 676 0092 4F000000 		.4byte	0x4f
 677 0096 07       		.uleb128 0x7
 678 0097 A1020000 		.4byte	.LASF13
 679 009b 04       		.byte	0x4
 680 009c 9201     		.2byte	0x192
 681 009e 3A000000 		.4byte	0x3a
 682 00a2 07       		.uleb128 0x7
 683 00a3 E7010000 		.4byte	.LASF14
 684 00a7 04       		.byte	0x4
 685 00a8 9301     		.2byte	0x193
 686 00aa 48000000 		.4byte	0x48
 687 00ae 07       		.uleb128 0x7
 688 00af EE010000 		.4byte	.LASF15
 689 00b3 04       		.byte	0x4
 690 00b4 9401     		.2byte	0x194
 691 00b6 61000000 		.4byte	0x61
 692 00ba 03       		.uleb128 0x3
 693 00bb 04       		.byte	0x4
 694 00bc 04       		.byte	0x4
 695 00bd 58010000 		.4byte	.LASF16
 696 00c1 03       		.uleb128 0x3
 697 00c2 08       		.byte	0x8
 698 00c3 04       		.byte	0x4
 699 00c4 C7010000 		.4byte	.LASF17
 700 00c8 07       		.uleb128 0x7
 701 00c9 7C010000 		.4byte	.LASF18
 702 00cd 04       		.byte	0x4
 703 00ce 3C02     		.2byte	0x23c
 704 00d0 D4000000 		.4byte	0xd4
 705 00d4 08       		.uleb128 0x8
 706 00d5 96000000 		.4byte	0x96
 707 00d9 07       		.uleb128 0x7
 708 00da 00000000 		.4byte	.LASF19
 709 00de 04       		.byte	0x4
 710 00df 3E02     		.2byte	0x23e
 711 00e1 E5000000 		.4byte	0xe5
 712 00e5 08       		.uleb128 0x8
 713 00e6 AE000000 		.4byte	0xae
 714 00ea 07       		.uleb128 0x7
 715 00eb 21020000 		.4byte	.LASF20
 716 00ef 04       		.byte	0x4
 717 00f0 4E02     		.2byte	0x24e
 718 00f2 7D000000 		.4byte	0x7d
 719 00f6 09       		.uleb128 0x9
 720 00f7 01030000 		.4byte	.LASF21
 721 00fb 01       		.byte	0x1
 722 00fc 40       		.byte	0x40
 723 00fd 00000000 		.4byte	.LFB63
 724 0101 20000000 		.4byte	.LFE63-.LFB63
ARM GAS  C:\Users\rdso323\AppData\Local\Temp\cckxmOWR.s 			page 21


 725 0105 01       		.uleb128 0x1
 726 0106 9C       		.byte	0x9c
 727 0107 0A       		.uleb128 0xa
 728 0108 6C010000 		.4byte	.LASF24
 729 010c 01       		.byte	0x1
 730 010d 6B       		.byte	0x6b
 731 010e 00000000 		.4byte	.LFB64
 732 0112 22000000 		.4byte	.LFE64-.LFB64
 733 0116 01       		.uleb128 0x1
 734 0117 9C       		.byte	0x9c
 735 0118 2B010000 		.4byte	0x12b
 736 011c 0B       		.uleb128 0xb
 737 011d 02020000 		.4byte	.LASF26
 738 0121 01       		.byte	0x1
 739 0122 6B       		.byte	0x6b
 740 0123 EA000000 		.4byte	0xea
 741 0127 02       		.uleb128 0x2
 742 0128 91       		.byte	0x91
 743 0129 74       		.sleb128 -12
 744 012a 00       		.byte	0
 745 012b 09       		.uleb128 0x9
 746 012c 2E020000 		.4byte	.LASF22
 747 0130 01       		.byte	0x1
 748 0131 89       		.byte	0x89
 749 0132 00000000 		.4byte	.LFB65
 750 0136 14000000 		.4byte	.LFE65-.LFB65
 751 013a 01       		.uleb128 0x1
 752 013b 9C       		.byte	0x9c
 753 013c 09       		.uleb128 0x9
 754 013d 46010000 		.4byte	.LASF23
 755 0141 01       		.byte	0x1
 756 0142 A3       		.byte	0xa3
 757 0143 00000000 		.4byte	.LFB66
 758 0147 84000000 		.4byte	.LFE66-.LFB66
 759 014b 01       		.uleb128 0x1
 760 014c 9C       		.byte	0x9c
 761 014d 0C       		.uleb128 0xc
 762 014e B6020000 		.4byte	.LASF25
 763 0152 01       		.byte	0x1
 764 0153 D4       		.byte	0xd4
 765 0154 00000000 		.4byte	.LFB67
 766 0158 24000000 		.4byte	.LFE67-.LFB67
 767 015c 01       		.uleb128 0x1
 768 015d 9C       		.byte	0x9c
 769 015e 7F010000 		.4byte	0x17f
 770 0162 0B       		.uleb128 0xb
 771 0163 02020000 		.4byte	.LASF26
 772 0167 01       		.byte	0x1
 773 0168 D4       		.byte	0xd4
 774 0169 EA000000 		.4byte	0xea
 775 016d 02       		.uleb128 0x2
 776 016e 91       		.byte	0x91
 777 016f 6C       		.sleb128 -20
 778 0170 0D       		.uleb128 0xd
 779 0171 A7020000 		.4byte	.LASF27
 780 0175 01       		.byte	0x1
 781 0176 D6       		.byte	0xd6
ARM GAS  C:\Users\rdso323\AppData\Local\Temp\cckxmOWR.s 			page 22


 782 0177 7F010000 		.4byte	0x17f
 783 017b 02       		.uleb128 0x2
 784 017c 91       		.byte	0x91
 785 017d 74       		.sleb128 -12
 786 017e 00       		.byte	0
 787 017f 05       		.uleb128 0x5
 788 0180 04       		.byte	0x4
 789 0181 EA000000 		.4byte	0xea
 790 0185 0E       		.uleb128 0xe
 791 0186 34010000 		.4byte	.LASF30
 792 018a 01       		.byte	0x1
 793 018b EC       		.byte	0xec
 794 018c EA000000 		.4byte	0xea
 795 0190 00000000 		.4byte	.LFB68
 796 0194 20000000 		.4byte	.LFE68-.LFB68
 797 0198 01       		.uleb128 0x1
 798 0199 9C       		.byte	0x9c
 799 019a AD010000 		.4byte	0x1ad
 800 019e 0D       		.uleb128 0xd
 801 019f A7020000 		.4byte	.LASF27
 802 01a3 01       		.byte	0x1
 803 01a4 EE       		.byte	0xee
 804 01a5 7F010000 		.4byte	0x17f
 805 01a9 02       		.uleb128 0x2
 806 01aa 91       		.byte	0x91
 807 01ab 74       		.sleb128 -12
 808 01ac 00       		.byte	0
 809 01ad 0F       		.uleb128 0xf
 810 01ae 81010000 		.4byte	.LASF28
 811 01b2 01       		.byte	0x1
 812 01b3 0E01     		.2byte	0x10e
 813 01b5 00000000 		.4byte	.LFB69
 814 01b9 24000000 		.4byte	.LFE69-.LFB69
 815 01bd 01       		.uleb128 0x1
 816 01be 9C       		.byte	0x9c
 817 01bf D3010000 		.4byte	0x1d3
 818 01c3 10       		.uleb128 0x10
 819 01c4 DE010000 		.4byte	.LASF29
 820 01c8 01       		.byte	0x1
 821 01c9 0E01     		.2byte	0x10e
 822 01cb 96000000 		.4byte	0x96
 823 01cf 02       		.uleb128 0x2
 824 01d0 91       		.byte	0x91
 825 01d1 77       		.sleb128 -9
 826 01d2 00       		.byte	0
 827 01d3 11       		.uleb128 0x11
 828 01d4 15000000 		.4byte	.LASF31
 829 01d8 01       		.byte	0x1
 830 01d9 2401     		.2byte	0x124
 831 01db 96000000 		.4byte	0x96
 832 01df 00000000 		.4byte	.LFB70
 833 01e3 24000000 		.4byte	.LFE70-.LFB70
 834 01e7 01       		.uleb128 0x1
 835 01e8 9C       		.byte	0x9c
 836 01e9 FD010000 		.4byte	0x1fd
 837 01ed 12       		.uleb128 0x12
 838 01ee DE010000 		.4byte	.LASF29
ARM GAS  C:\Users\rdso323\AppData\Local\Temp\cckxmOWR.s 			page 23


 839 01f2 01       		.byte	0x1
 840 01f3 2601     		.2byte	0x126
 841 01f5 96000000 		.4byte	0x96
 842 01f9 02       		.uleb128 0x2
 843 01fa 91       		.byte	0x91
 844 01fb 77       		.sleb128 -9
 845 01fc 00       		.byte	0
 846 01fd 13       		.uleb128 0x13
 847 01fe 25010000 		.4byte	.LASF32
 848 0202 01       		.byte	0x1
 849 0203 3F01     		.2byte	0x13f
 850 0205 00000000 		.4byte	.LFB71
 851 0209 18000000 		.4byte	.LFE71-.LFB71
 852 020d 01       		.uleb128 0x1
 853 020e 9C       		.byte	0x9c
 854 020f 14       		.uleb128 0x14
 855 0210 D1020000 		.4byte	.LASF42
 856 0214 01       		.byte	0x1
 857 0215 5401     		.2byte	0x154
 858 0217 96000000 		.4byte	0x96
 859 021b 00000000 		.4byte	.LFB72
 860 021f 24000000 		.4byte	.LFE72-.LFB72
 861 0223 01       		.uleb128 0x1
 862 0224 9C       		.byte	0x9c
 863 0225 13       		.uleb128 0x13
 864 0226 CE010000 		.4byte	.LASF33
 865 022a 01       		.byte	0x1
 866 022b 6901     		.2byte	0x169
 867 022d 00000000 		.4byte	.LFB73
 868 0231 18000000 		.4byte	.LFE73-.LFB73
 869 0235 01       		.uleb128 0x1
 870 0236 9C       		.byte	0x9c
 871 0237 13       		.uleb128 0x13
 872 0238 EE020000 		.4byte	.LASF34
 873 023c 01       		.byte	0x1
 874 023d 8401     		.2byte	0x184
 875 023f 00000000 		.4byte	.LFB74
 876 0243 18000000 		.4byte	.LFE74-.LFB74
 877 0247 01       		.uleb128 0x1
 878 0248 9C       		.byte	0x9c
 879 0249 13       		.uleb128 0x13
 880 024a 82020000 		.4byte	.LASF35
 881 024e 01       		.byte	0x1
 882 024f 9D01     		.2byte	0x19d
 883 0251 00000000 		.4byte	.LFB75
 884 0255 18000000 		.4byte	.LFE75-.LFB75
 885 0259 01       		.uleb128 0x1
 886 025a 9C       		.byte	0x9c
 887 025b 15       		.uleb128 0x15
 888 025c BA010000 		.4byte	.LASF36
 889 0260 05       		.byte	0x5
 890 0261 9606     		.2byte	0x696
 891 0263 67020000 		.4byte	0x267
 892 0267 08       		.uleb128 0x8
 893 0268 8B000000 		.4byte	0x8b
 894 026c 16       		.uleb128 0x16
 895 026d A2000000 		.4byte	0xa2
ARM GAS  C:\Users\rdso323\AppData\Local\Temp\cckxmOWR.s 			page 24


 896 0271 7C020000 		.4byte	0x27c
 897 0275 17       		.uleb128 0x17
 898 0276 76000000 		.4byte	0x76
 899 027a 07       		.byte	0x7
 900 027b 00       		.byte	0
 901 027c 18       		.uleb128 0x18
 902 027d 0F030000 		.4byte	.LASF37
 903 0281 01       		.byte	0x1
 904 0282 20       		.byte	0x20
 905 0283 6C020000 		.4byte	0x26c
 906 0287 18       		.uleb128 0x18
 907 0288 06000000 		.4byte	.LASF38
 908 028c 01       		.byte	0x1
 909 028d 21       		.byte	0x21
 910 028e 96000000 		.4byte	0x96
 911 0292 00       		.byte	0
 912              		.section	.debug_abbrev,"",%progbits
 913              	.Ldebug_abbrev0:
 914 0000 01       		.uleb128 0x1
 915 0001 11       		.uleb128 0x11
 916 0002 01       		.byte	0x1
 917 0003 25       		.uleb128 0x25
 918 0004 0E       		.uleb128 0xe
 919 0005 13       		.uleb128 0x13
 920 0006 0B       		.uleb128 0xb
 921 0007 03       		.uleb128 0x3
 922 0008 0E       		.uleb128 0xe
 923 0009 1B       		.uleb128 0x1b
 924 000a 0E       		.uleb128 0xe
 925 000b 55       		.uleb128 0x55
 926 000c 17       		.uleb128 0x17
 927 000d 11       		.uleb128 0x11
 928 000e 01       		.uleb128 0x1
 929 000f 10       		.uleb128 0x10
 930 0010 17       		.uleb128 0x17
 931 0011 00       		.byte	0
 932 0012 00       		.byte	0
 933 0013 02       		.uleb128 0x2
 934 0014 24       		.uleb128 0x24
 935 0015 00       		.byte	0
 936 0016 0B       		.uleb128 0xb
 937 0017 0B       		.uleb128 0xb
 938 0018 3E       		.uleb128 0x3e
 939 0019 0B       		.uleb128 0xb
 940 001a 03       		.uleb128 0x3
 941 001b 08       		.uleb128 0x8
 942 001c 00       		.byte	0
 943 001d 00       		.byte	0
 944 001e 03       		.uleb128 0x3
 945 001f 24       		.uleb128 0x24
 946 0020 00       		.byte	0
 947 0021 0B       		.uleb128 0xb
 948 0022 0B       		.uleb128 0xb
 949 0023 3E       		.uleb128 0x3e
 950 0024 0B       		.uleb128 0xb
 951 0025 03       		.uleb128 0x3
 952 0026 0E       		.uleb128 0xe
ARM GAS  C:\Users\rdso323\AppData\Local\Temp\cckxmOWR.s 			page 25


 953 0027 00       		.byte	0
 954 0028 00       		.byte	0
 955 0029 04       		.uleb128 0x4
 956 002a 16       		.uleb128 0x16
 957 002b 00       		.byte	0
 958 002c 03       		.uleb128 0x3
 959 002d 0E       		.uleb128 0xe
 960 002e 3A       		.uleb128 0x3a
 961 002f 0B       		.uleb128 0xb
 962 0030 3B       		.uleb128 0x3b
 963 0031 0B       		.uleb128 0xb
 964 0032 49       		.uleb128 0x49
 965 0033 13       		.uleb128 0x13
 966 0034 00       		.byte	0
 967 0035 00       		.byte	0
 968 0036 05       		.uleb128 0x5
 969 0037 0F       		.uleb128 0xf
 970 0038 00       		.byte	0
 971 0039 0B       		.uleb128 0xb
 972 003a 0B       		.uleb128 0xb
 973 003b 49       		.uleb128 0x49
 974 003c 13       		.uleb128 0x13
 975 003d 00       		.byte	0
 976 003e 00       		.byte	0
 977 003f 06       		.uleb128 0x6
 978 0040 15       		.uleb128 0x15
 979 0041 00       		.byte	0
 980 0042 27       		.uleb128 0x27
 981 0043 19       		.uleb128 0x19
 982 0044 00       		.byte	0
 983 0045 00       		.byte	0
 984 0046 07       		.uleb128 0x7
 985 0047 16       		.uleb128 0x16
 986 0048 00       		.byte	0
 987 0049 03       		.uleb128 0x3
 988 004a 0E       		.uleb128 0xe
 989 004b 3A       		.uleb128 0x3a
 990 004c 0B       		.uleb128 0xb
 991 004d 3B       		.uleb128 0x3b
 992 004e 05       		.uleb128 0x5
 993 004f 49       		.uleb128 0x49
 994 0050 13       		.uleb128 0x13
 995 0051 00       		.byte	0
 996 0052 00       		.byte	0
 997 0053 08       		.uleb128 0x8
 998 0054 35       		.uleb128 0x35
 999 0055 00       		.byte	0
 1000 0056 49       		.uleb128 0x49
 1001 0057 13       		.uleb128 0x13
 1002 0058 00       		.byte	0
 1003 0059 00       		.byte	0
 1004 005a 09       		.uleb128 0x9
 1005 005b 2E       		.uleb128 0x2e
 1006 005c 00       		.byte	0
 1007 005d 3F       		.uleb128 0x3f
 1008 005e 19       		.uleb128 0x19
 1009 005f 03       		.uleb128 0x3
ARM GAS  C:\Users\rdso323\AppData\Local\Temp\cckxmOWR.s 			page 26


 1010 0060 0E       		.uleb128 0xe
 1011 0061 3A       		.uleb128 0x3a
 1012 0062 0B       		.uleb128 0xb
 1013 0063 3B       		.uleb128 0x3b
 1014 0064 0B       		.uleb128 0xb
 1015 0065 27       		.uleb128 0x27
 1016 0066 19       		.uleb128 0x19
 1017 0067 11       		.uleb128 0x11
 1018 0068 01       		.uleb128 0x1
 1019 0069 12       		.uleb128 0x12
 1020 006a 06       		.uleb128 0x6
 1021 006b 40       		.uleb128 0x40
 1022 006c 18       		.uleb128 0x18
 1023 006d 9642     		.uleb128 0x2116
 1024 006f 19       		.uleb128 0x19
 1025 0070 00       		.byte	0
 1026 0071 00       		.byte	0
 1027 0072 0A       		.uleb128 0xa
 1028 0073 2E       		.uleb128 0x2e
 1029 0074 01       		.byte	0x1
 1030 0075 3F       		.uleb128 0x3f
 1031 0076 19       		.uleb128 0x19
 1032 0077 03       		.uleb128 0x3
 1033 0078 0E       		.uleb128 0xe
 1034 0079 3A       		.uleb128 0x3a
 1035 007a 0B       		.uleb128 0xb
 1036 007b 3B       		.uleb128 0x3b
 1037 007c 0B       		.uleb128 0xb
 1038 007d 27       		.uleb128 0x27
 1039 007e 19       		.uleb128 0x19
 1040 007f 11       		.uleb128 0x11
 1041 0080 01       		.uleb128 0x1
 1042 0081 12       		.uleb128 0x12
 1043 0082 06       		.uleb128 0x6
 1044 0083 40       		.uleb128 0x40
 1045 0084 18       		.uleb128 0x18
 1046 0085 9642     		.uleb128 0x2116
 1047 0087 19       		.uleb128 0x19
 1048 0088 01       		.uleb128 0x1
 1049 0089 13       		.uleb128 0x13
 1050 008a 00       		.byte	0
 1051 008b 00       		.byte	0
 1052 008c 0B       		.uleb128 0xb
 1053 008d 05       		.uleb128 0x5
 1054 008e 00       		.byte	0
 1055 008f 03       		.uleb128 0x3
 1056 0090 0E       		.uleb128 0xe
 1057 0091 3A       		.uleb128 0x3a
 1058 0092 0B       		.uleb128 0xb
 1059 0093 3B       		.uleb128 0x3b
 1060 0094 0B       		.uleb128 0xb
 1061 0095 49       		.uleb128 0x49
 1062 0096 13       		.uleb128 0x13
 1063 0097 02       		.uleb128 0x2
 1064 0098 18       		.uleb128 0x18
 1065 0099 00       		.byte	0
 1066 009a 00       		.byte	0
ARM GAS  C:\Users\rdso323\AppData\Local\Temp\cckxmOWR.s 			page 27


 1067 009b 0C       		.uleb128 0xc
 1068 009c 2E       		.uleb128 0x2e
 1069 009d 01       		.byte	0x1
 1070 009e 3F       		.uleb128 0x3f
 1071 009f 19       		.uleb128 0x19
 1072 00a0 03       		.uleb128 0x3
 1073 00a1 0E       		.uleb128 0xe
 1074 00a2 3A       		.uleb128 0x3a
 1075 00a3 0B       		.uleb128 0xb
 1076 00a4 3B       		.uleb128 0x3b
 1077 00a5 0B       		.uleb128 0xb
 1078 00a6 27       		.uleb128 0x27
 1079 00a7 19       		.uleb128 0x19
 1080 00a8 11       		.uleb128 0x11
 1081 00a9 01       		.uleb128 0x1
 1082 00aa 12       		.uleb128 0x12
 1083 00ab 06       		.uleb128 0x6
 1084 00ac 40       		.uleb128 0x40
 1085 00ad 18       		.uleb128 0x18
 1086 00ae 9742     		.uleb128 0x2117
 1087 00b0 19       		.uleb128 0x19
 1088 00b1 01       		.uleb128 0x1
 1089 00b2 13       		.uleb128 0x13
 1090 00b3 00       		.byte	0
 1091 00b4 00       		.byte	0
 1092 00b5 0D       		.uleb128 0xd
 1093 00b6 34       		.uleb128 0x34
 1094 00b7 00       		.byte	0
 1095 00b8 03       		.uleb128 0x3
 1096 00b9 0E       		.uleb128 0xe
 1097 00ba 3A       		.uleb128 0x3a
 1098 00bb 0B       		.uleb128 0xb
 1099 00bc 3B       		.uleb128 0x3b
 1100 00bd 0B       		.uleb128 0xb
 1101 00be 49       		.uleb128 0x49
 1102 00bf 13       		.uleb128 0x13
 1103 00c0 02       		.uleb128 0x2
 1104 00c1 18       		.uleb128 0x18
 1105 00c2 00       		.byte	0
 1106 00c3 00       		.byte	0
 1107 00c4 0E       		.uleb128 0xe
 1108 00c5 2E       		.uleb128 0x2e
 1109 00c6 01       		.byte	0x1
 1110 00c7 3F       		.uleb128 0x3f
 1111 00c8 19       		.uleb128 0x19
 1112 00c9 03       		.uleb128 0x3
 1113 00ca 0E       		.uleb128 0xe
 1114 00cb 3A       		.uleb128 0x3a
 1115 00cc 0B       		.uleb128 0xb
 1116 00cd 3B       		.uleb128 0x3b
 1117 00ce 0B       		.uleb128 0xb
 1118 00cf 27       		.uleb128 0x27
 1119 00d0 19       		.uleb128 0x19
 1120 00d1 49       		.uleb128 0x49
 1121 00d2 13       		.uleb128 0x13
 1122 00d3 11       		.uleb128 0x11
 1123 00d4 01       		.uleb128 0x1
ARM GAS  C:\Users\rdso323\AppData\Local\Temp\cckxmOWR.s 			page 28


 1124 00d5 12       		.uleb128 0x12
 1125 00d6 06       		.uleb128 0x6
 1126 00d7 40       		.uleb128 0x40
 1127 00d8 18       		.uleb128 0x18
 1128 00d9 9742     		.uleb128 0x2117
 1129 00db 19       		.uleb128 0x19
 1130 00dc 01       		.uleb128 0x1
 1131 00dd 13       		.uleb128 0x13
 1132 00de 00       		.byte	0
 1133 00df 00       		.byte	0
 1134 00e0 0F       		.uleb128 0xf
 1135 00e1 2E       		.uleb128 0x2e
 1136 00e2 01       		.byte	0x1
 1137 00e3 3F       		.uleb128 0x3f
 1138 00e4 19       		.uleb128 0x19
 1139 00e5 03       		.uleb128 0x3
 1140 00e6 0E       		.uleb128 0xe
 1141 00e7 3A       		.uleb128 0x3a
 1142 00e8 0B       		.uleb128 0xb
 1143 00e9 3B       		.uleb128 0x3b
 1144 00ea 05       		.uleb128 0x5
 1145 00eb 27       		.uleb128 0x27
 1146 00ec 19       		.uleb128 0x19
 1147 00ed 11       		.uleb128 0x11
 1148 00ee 01       		.uleb128 0x1
 1149 00ef 12       		.uleb128 0x12
 1150 00f0 06       		.uleb128 0x6
 1151 00f1 40       		.uleb128 0x40
 1152 00f2 18       		.uleb128 0x18
 1153 00f3 9742     		.uleb128 0x2117
 1154 00f5 19       		.uleb128 0x19
 1155 00f6 01       		.uleb128 0x1
 1156 00f7 13       		.uleb128 0x13
 1157 00f8 00       		.byte	0
 1158 00f9 00       		.byte	0
 1159 00fa 10       		.uleb128 0x10
 1160 00fb 05       		.uleb128 0x5
 1161 00fc 00       		.byte	0
 1162 00fd 03       		.uleb128 0x3
 1163 00fe 0E       		.uleb128 0xe
 1164 00ff 3A       		.uleb128 0x3a
 1165 0100 0B       		.uleb128 0xb
 1166 0101 3B       		.uleb128 0x3b
 1167 0102 05       		.uleb128 0x5
 1168 0103 49       		.uleb128 0x49
 1169 0104 13       		.uleb128 0x13
 1170 0105 02       		.uleb128 0x2
 1171 0106 18       		.uleb128 0x18
 1172 0107 00       		.byte	0
 1173 0108 00       		.byte	0
 1174 0109 11       		.uleb128 0x11
 1175 010a 2E       		.uleb128 0x2e
 1176 010b 01       		.byte	0x1
 1177 010c 3F       		.uleb128 0x3f
 1178 010d 19       		.uleb128 0x19
 1179 010e 03       		.uleb128 0x3
 1180 010f 0E       		.uleb128 0xe
ARM GAS  C:\Users\rdso323\AppData\Local\Temp\cckxmOWR.s 			page 29


 1181 0110 3A       		.uleb128 0x3a
 1182 0111 0B       		.uleb128 0xb
 1183 0112 3B       		.uleb128 0x3b
 1184 0113 05       		.uleb128 0x5
 1185 0114 27       		.uleb128 0x27
 1186 0115 19       		.uleb128 0x19
 1187 0116 49       		.uleb128 0x49
 1188 0117 13       		.uleb128 0x13
 1189 0118 11       		.uleb128 0x11
 1190 0119 01       		.uleb128 0x1
 1191 011a 12       		.uleb128 0x12
 1192 011b 06       		.uleb128 0x6
 1193 011c 40       		.uleb128 0x40
 1194 011d 18       		.uleb128 0x18
 1195 011e 9742     		.uleb128 0x2117
 1196 0120 19       		.uleb128 0x19
 1197 0121 01       		.uleb128 0x1
 1198 0122 13       		.uleb128 0x13
 1199 0123 00       		.byte	0
 1200 0124 00       		.byte	0
 1201 0125 12       		.uleb128 0x12
 1202 0126 34       		.uleb128 0x34
 1203 0127 00       		.byte	0
 1204 0128 03       		.uleb128 0x3
 1205 0129 0E       		.uleb128 0xe
 1206 012a 3A       		.uleb128 0x3a
 1207 012b 0B       		.uleb128 0xb
 1208 012c 3B       		.uleb128 0x3b
 1209 012d 05       		.uleb128 0x5
 1210 012e 49       		.uleb128 0x49
 1211 012f 13       		.uleb128 0x13
 1212 0130 02       		.uleb128 0x2
 1213 0131 18       		.uleb128 0x18
 1214 0132 00       		.byte	0
 1215 0133 00       		.byte	0
 1216 0134 13       		.uleb128 0x13
 1217 0135 2E       		.uleb128 0x2e
 1218 0136 00       		.byte	0
 1219 0137 3F       		.uleb128 0x3f
 1220 0138 19       		.uleb128 0x19
 1221 0139 03       		.uleb128 0x3
 1222 013a 0E       		.uleb128 0xe
 1223 013b 3A       		.uleb128 0x3a
 1224 013c 0B       		.uleb128 0xb
 1225 013d 3B       		.uleb128 0x3b
 1226 013e 05       		.uleb128 0x5
 1227 013f 27       		.uleb128 0x27
 1228 0140 19       		.uleb128 0x19
 1229 0141 11       		.uleb128 0x11
 1230 0142 01       		.uleb128 0x1
 1231 0143 12       		.uleb128 0x12
 1232 0144 06       		.uleb128 0x6
 1233 0145 40       		.uleb128 0x40
 1234 0146 18       		.uleb128 0x18
 1235 0147 9742     		.uleb128 0x2117
 1236 0149 19       		.uleb128 0x19
 1237 014a 00       		.byte	0
ARM GAS  C:\Users\rdso323\AppData\Local\Temp\cckxmOWR.s 			page 30


 1238 014b 00       		.byte	0
 1239 014c 14       		.uleb128 0x14
 1240 014d 2E       		.uleb128 0x2e
 1241 014e 00       		.byte	0
 1242 014f 3F       		.uleb128 0x3f
 1243 0150 19       		.uleb128 0x19
 1244 0151 03       		.uleb128 0x3
 1245 0152 0E       		.uleb128 0xe
 1246 0153 3A       		.uleb128 0x3a
 1247 0154 0B       		.uleb128 0xb
 1248 0155 3B       		.uleb128 0x3b
 1249 0156 05       		.uleb128 0x5
 1250 0157 27       		.uleb128 0x27
 1251 0158 19       		.uleb128 0x19
 1252 0159 49       		.uleb128 0x49
 1253 015a 13       		.uleb128 0x13
 1254 015b 11       		.uleb128 0x11
 1255 015c 01       		.uleb128 0x1
 1256 015d 12       		.uleb128 0x12
 1257 015e 06       		.uleb128 0x6
 1258 015f 40       		.uleb128 0x40
 1259 0160 18       		.uleb128 0x18
 1260 0161 9742     		.uleb128 0x2117
 1261 0163 19       		.uleb128 0x19
 1262 0164 00       		.byte	0
 1263 0165 00       		.byte	0
 1264 0166 15       		.uleb128 0x15
 1265 0167 34       		.uleb128 0x34
 1266 0168 00       		.byte	0
 1267 0169 03       		.uleb128 0x3
 1268 016a 0E       		.uleb128 0xe
 1269 016b 3A       		.uleb128 0x3a
 1270 016c 0B       		.uleb128 0xb
 1271 016d 3B       		.uleb128 0x3b
 1272 016e 05       		.uleb128 0x5
 1273 016f 49       		.uleb128 0x49
 1274 0170 13       		.uleb128 0x13
 1275 0171 3F       		.uleb128 0x3f
 1276 0172 19       		.uleb128 0x19
 1277 0173 3C       		.uleb128 0x3c
 1278 0174 19       		.uleb128 0x19
 1279 0175 00       		.byte	0
 1280 0176 00       		.byte	0
 1281 0177 16       		.uleb128 0x16
 1282 0178 01       		.uleb128 0x1
 1283 0179 01       		.byte	0x1
 1284 017a 49       		.uleb128 0x49
 1285 017b 13       		.uleb128 0x13
 1286 017c 01       		.uleb128 0x1
 1287 017d 13       		.uleb128 0x13
 1288 017e 00       		.byte	0
 1289 017f 00       		.byte	0
 1290 0180 17       		.uleb128 0x17
 1291 0181 21       		.uleb128 0x21
 1292 0182 00       		.byte	0
 1293 0183 49       		.uleb128 0x49
 1294 0184 13       		.uleb128 0x13
ARM GAS  C:\Users\rdso323\AppData\Local\Temp\cckxmOWR.s 			page 31


 1295 0185 2F       		.uleb128 0x2f
 1296 0186 0B       		.uleb128 0xb
 1297 0187 00       		.byte	0
 1298 0188 00       		.byte	0
 1299 0189 18       		.uleb128 0x18
 1300 018a 34       		.uleb128 0x34
 1301 018b 00       		.byte	0
 1302 018c 03       		.uleb128 0x3
 1303 018d 0E       		.uleb128 0xe
 1304 018e 3A       		.uleb128 0x3a
 1305 018f 0B       		.uleb128 0xb
 1306 0190 3B       		.uleb128 0x3b
 1307 0191 0B       		.uleb128 0xb
 1308 0192 49       		.uleb128 0x49
 1309 0193 13       		.uleb128 0x13
 1310 0194 3F       		.uleb128 0x3f
 1311 0195 19       		.uleb128 0x19
 1312 0196 3C       		.uleb128 0x3c
 1313 0197 19       		.uleb128 0x19
 1314 0198 00       		.byte	0
 1315 0199 00       		.byte	0
 1316 019a 00       		.byte	0
 1317              		.section	.debug_aranges,"",%progbits
 1318 0000 7C000000 		.4byte	0x7c
 1319 0004 0200     		.2byte	0x2
 1320 0006 00000000 		.4byte	.Ldebug_info0
 1321 000a 04       		.byte	0x4
 1322 000b 00       		.byte	0
 1323 000c 0000     		.2byte	0
 1324 000e 0000     		.2byte	0
 1325 0010 00000000 		.4byte	.LFB63
 1326 0014 20000000 		.4byte	.LFE63-.LFB63
 1327 0018 00000000 		.4byte	.LFB64
 1328 001c 22000000 		.4byte	.LFE64-.LFB64
 1329 0020 00000000 		.4byte	.LFB65
 1330 0024 14000000 		.4byte	.LFE65-.LFB65
 1331 0028 00000000 		.4byte	.LFB66
 1332 002c 84000000 		.4byte	.LFE66-.LFB66
 1333 0030 00000000 		.4byte	.LFB67
 1334 0034 24000000 		.4byte	.LFE67-.LFB67
 1335 0038 00000000 		.4byte	.LFB68
 1336 003c 20000000 		.4byte	.LFE68-.LFB68
 1337 0040 00000000 		.4byte	.LFB69
 1338 0044 24000000 		.4byte	.LFE69-.LFB69
 1339 0048 00000000 		.4byte	.LFB70
 1340 004c 24000000 		.4byte	.LFE70-.LFB70
 1341 0050 00000000 		.4byte	.LFB71
 1342 0054 18000000 		.4byte	.LFE71-.LFB71
 1343 0058 00000000 		.4byte	.LFB72
 1344 005c 24000000 		.4byte	.LFE72-.LFB72
 1345 0060 00000000 		.4byte	.LFB73
 1346 0064 18000000 		.4byte	.LFE73-.LFB73
 1347 0068 00000000 		.4byte	.LFB74
 1348 006c 18000000 		.4byte	.LFE74-.LFB74
 1349 0070 00000000 		.4byte	.LFB75
 1350 0074 18000000 		.4byte	.LFE75-.LFB75
 1351 0078 00000000 		.4byte	0
ARM GAS  C:\Users\rdso323\AppData\Local\Temp\cckxmOWR.s 			page 32


 1352 007c 00000000 		.4byte	0
 1353              		.section	.debug_ranges,"",%progbits
 1354              	.Ldebug_ranges0:
 1355 0000 00000000 		.4byte	.LFB63
 1356 0004 20000000 		.4byte	.LFE63
 1357 0008 00000000 		.4byte	.LFB64
 1358 000c 22000000 		.4byte	.LFE64
 1359 0010 00000000 		.4byte	.LFB65
 1360 0014 14000000 		.4byte	.LFE65
 1361 0018 00000000 		.4byte	.LFB66
 1362 001c 84000000 		.4byte	.LFE66
 1363 0020 00000000 		.4byte	.LFB67
 1364 0024 24000000 		.4byte	.LFE67
 1365 0028 00000000 		.4byte	.LFB68
 1366 002c 20000000 		.4byte	.LFE68
 1367 0030 00000000 		.4byte	.LFB69
 1368 0034 24000000 		.4byte	.LFE69
 1369 0038 00000000 		.4byte	.LFB70
 1370 003c 24000000 		.4byte	.LFE70
 1371 0040 00000000 		.4byte	.LFB71
 1372 0044 18000000 		.4byte	.LFE71
 1373 0048 00000000 		.4byte	.LFB72
 1374 004c 24000000 		.4byte	.LFE72
 1375 0050 00000000 		.4byte	.LFB73
 1376 0054 18000000 		.4byte	.LFE73
 1377 0058 00000000 		.4byte	.LFB74
 1378 005c 18000000 		.4byte	.LFE74
 1379 0060 00000000 		.4byte	.LFB75
 1380 0064 18000000 		.4byte	.LFE75
 1381 0068 00000000 		.4byte	0
 1382 006c 00000000 		.4byte	0
 1383              		.section	.debug_line,"",%progbits
 1384              	.Ldebug_line0:
 1385 0000 75020000 		.section	.debug_str,"MS",%progbits,1
 1385      02006301 
 1385      00000201 
 1385      FB0E0D00 
 1385      01010101 
 1386              	.LASF19:
 1387 0000 72656733 		.ascii	"reg32\000"
 1387      3200
 1388              	.LASF38:
 1389 0006 64617461 		.ascii	"dataready_flag\000"
 1389      72656164 
 1389      795F666C 
 1389      616700
 1390              	.LASF31:
 1391 0015 6973725F 		.ascii	"isr_eoc_GetPriority\000"
 1391      656F635F 
 1391      47657450 
 1391      72696F72 
 1391      69747900 
 1392              	.LASF11:
 1393 0029 5F5F696E 		.ascii	"__int32_t\000"
 1393      7433325F 
 1393      7400
 1394              	.LASF41:
ARM GAS  C:\Users\rdso323\AppData\Local\Temp\cckxmOWR.s 			page 33


 1395 0033 5C5C756F 		.ascii	"\\\\uoa.auckland.ac.nz\\engdfs\\home\\rdso323\\Desk"
 1395      612E6175 
 1395      636B6C61 
 1395      6E642E61 
 1395      632E6E7A 
 1396 0060 746F705C 		.ascii	"top\\psoc student pack\\psoc_code_base\\CS301_Class"
 1396      70736F63 
 1396      20737475 
 1396      64656E74 
 1396      20706163 
 1397 0090 2E637964 		.ascii	".cydsn\000"
 1397      736E00
 1398              	.LASF39:
 1399 0097 474E5520 		.ascii	"GNU C 4.9.3 20150303 (release) [ARM/embedded-4_9-br"
 1399      4320342E 
 1399      392E3320 
 1399      32303135 
 1399      30333033 
 1400 00ca 616E6368 		.ascii	"anch revision 221220] -mcpu=cortex-m3 -mthumb -g -O"
 1400      20726576 
 1400      6973696F 
 1400      6E203232 
 1400      31323230 
 1401 00fd 30202D66 		.ascii	"0 -ffunction-sections -ffat-lto-objects\000"
 1401      66756E63 
 1401      74696F6E 
 1401      2D736563 
 1401      74696F6E 
 1402              	.LASF32:
 1403 0125 6973725F 		.ascii	"isr_eoc_Enable\000"
 1403      656F635F 
 1403      456E6162 
 1403      6C6500
 1404              	.LASF30:
 1405 0134 6973725F 		.ascii	"isr_eoc_GetVector\000"
 1405      656F635F 
 1405      47657456 
 1405      6563746F 
 1405      7200
 1406              	.LASF23:
 1407 0146 6973725F 		.ascii	"isr_eoc_Interrupt\000"
 1407      656F635F 
 1407      496E7465 
 1407      72727570 
 1407      7400
 1408              	.LASF16:
 1409 0158 666C6F61 		.ascii	"float\000"
 1409      7400
 1410              	.LASF2:
 1411 015e 756E7369 		.ascii	"unsigned char\000"
 1411      676E6564 
 1411      20636861 
 1411      7200
 1412              	.LASF24:
 1413 016c 6973725F 		.ascii	"isr_eoc_StartEx\000"
 1413      656F635F 
 1413      53746172 
ARM GAS  C:\Users\rdso323\AppData\Local\Temp\cckxmOWR.s 			page 34


 1413      74457800 
 1414              	.LASF18:
 1415 017c 72656738 		.ascii	"reg8\000"
 1415      00
 1416              	.LASF28:
 1417 0181 6973725F 		.ascii	"isr_eoc_SetPriority\000"
 1417      656F635F 
 1417      53657450 
 1417      72696F72 
 1417      69747900 
 1418              	.LASF6:
 1419 0195 6C6F6E67 		.ascii	"long unsigned int\000"
 1419      20756E73 
 1419      69676E65 
 1419      6420696E 
 1419      7400
 1420              	.LASF4:
 1421 01a7 73686F72 		.ascii	"short unsigned int\000"
 1421      7420756E 
 1421      7369676E 
 1421      65642069 
 1421      6E7400
 1422              	.LASF36:
 1423 01ba 49544D5F 		.ascii	"ITM_RxBuffer\000"
 1423      52784275 
 1423      66666572 
 1423      00
 1424              	.LASF17:
 1425 01c7 646F7562 		.ascii	"double\000"
 1425      6C6500
 1426              	.LASF33:
 1427 01ce 6973725F 		.ascii	"isr_eoc_Disable\000"
 1427      656F635F 
 1427      44697361 
 1427      626C6500 
 1428              	.LASF29:
 1429 01de 7072696F 		.ascii	"priority\000"
 1429      72697479 
 1429      00
 1430              	.LASF14:
 1431 01e7 75696E74 		.ascii	"uint16\000"
 1431      313600
 1432              	.LASF15:
 1433 01ee 75696E74 		.ascii	"uint32\000"
 1433      333200
 1434              	.LASF0:
 1435 01f5 756E7369 		.ascii	"unsigned int\000"
 1435      676E6564 
 1435      20696E74 
 1435      00
 1436              	.LASF26:
 1437 0202 61646472 		.ascii	"address\000"
 1437      65737300 
 1438              	.LASF8:
 1439 020a 6C6F6E67 		.ascii	"long long unsigned int\000"
 1439      206C6F6E 
 1439      6720756E 
ARM GAS  C:\Users\rdso323\AppData\Local\Temp\cckxmOWR.s 			page 35


 1439      7369676E 
 1439      65642069 
 1440              	.LASF20:
 1441 0221 63796973 		.ascii	"cyisraddress\000"
 1441      72616464 
 1441      72657373 
 1441      00
 1442              	.LASF22:
 1443 022e 6973725F 		.ascii	"isr_eoc_Stop\000"
 1443      656F635F 
 1443      53746F70 
 1443      00
 1444              	.LASF12:
 1445 023b 696E7433 		.ascii	"int32_t\000"
 1445      325F7400 
 1446              	.LASF9:
 1447 0243 73697A65 		.ascii	"sizetype\000"
 1447      74797065 
 1447      00
 1448              	.LASF7:
 1449 024c 6C6F6E67 		.ascii	"long long int\000"
 1449      206C6F6E 
 1449      6720696E 
 1449      7400
 1450              	.LASF10:
 1451 025a 63686172 		.ascii	"char\000"
 1451      00
 1452              	.LASF40:
 1453 025f 2E5C4765 		.ascii	".\\Generated_Source\\PSoC5\\isr_eoc.c\000"
 1453      6E657261 
 1453      7465645F 
 1453      536F7572 
 1453      63655C50 
 1454              	.LASF35:
 1455 0282 6973725F 		.ascii	"isr_eoc_ClearPending\000"
 1455      656F635F 
 1455      436C6561 
 1455      7250656E 
 1455      64696E67 
 1456              	.LASF3:
 1457 0297 73686F72 		.ascii	"short int\000"
 1457      7420696E 
 1457      7400
 1458              	.LASF13:
 1459 02a1 75696E74 		.ascii	"uint8\000"
 1459      3800
 1460              	.LASF27:
 1461 02a7 72616D56 		.ascii	"ramVectorTable\000"
 1461      6563746F 
 1461      72546162 
 1461      6C6500
 1462              	.LASF25:
 1463 02b6 6973725F 		.ascii	"isr_eoc_SetVector\000"
 1463      656F635F 
 1463      53657456 
 1463      6563746F 
 1463      7200
ARM GAS  C:\Users\rdso323\AppData\Local\Temp\cckxmOWR.s 			page 36


 1464              	.LASF5:
 1465 02c8 6C6F6E67 		.ascii	"long int\000"
 1465      20696E74 
 1465      00
 1466              	.LASF42:
 1467 02d1 6973725F 		.ascii	"isr_eoc_GetState\000"
 1467      656F635F 
 1467      47657453 
 1467      74617465 
 1467      00
 1468              	.LASF1:
 1469 02e2 7369676E 		.ascii	"signed char\000"
 1469      65642063 
 1469      68617200 
 1470              	.LASF34:
 1471 02ee 6973725F 		.ascii	"isr_eoc_SetPending\000"
 1471      656F635F 
 1471      53657450 
 1471      656E6469 
 1471      6E6700
 1472              	.LASF21:
 1473 0301 6973725F 		.ascii	"isr_eoc_Start\000"
 1473      656F635F 
 1473      53746172 
 1473      7400
 1474              	.LASF37:
 1475 030f 61646376 		.ascii	"adcvalue\000"
 1475      616C7565 
 1475      00
 1476              		.ident	"GCC: (GNU Tools for ARM Embedded Processors) 4.9.3 20150303 (release) [ARM/embedded-4_9-br
